Archive member included to satisfy reference by file (symbol)

C:/arm-gnu-toolchain-14.2.rel1-mingw-w64-i686-arm-none-eabi/bin/../lib/gcc/arm-none-eabi/14.2.1/thumb/v8-m.main+fp/hard\libgcc.a(_aeabi_uldivmod.o)
                              CMakeFiles/slc.dir/base/C_/Users/alji/.silabs/slt/installs/conan/p/simpl1a11563c2e399/p/platform_core/platform/emlib/src/em_eusart.c.obj (__aeabi_uldivmod)
C:/arm-gnu-toolchain-14.2.rel1-mingw-w64-i686-arm-none-eabi/bin/../lib/gcc/arm-none-eabi/14.2.1/thumb/v8-m.main+fp/hard\libgcc.a(_udivmoddi4.o)
                              C:/arm-gnu-toolchain-14.2.rel1-mingw-w64-i686-arm-none-eabi/bin/../lib/gcc/arm-none-eabi/14.2.1/thumb/v8-m.main+fp/hard\libgcc.a(_aeabi_uldivmod.o) (__udivmoddi4)
C:/arm-gnu-toolchain-14.2.rel1-mingw-w64-i686-arm-none-eabi/bin/../lib/gcc/arm-none-eabi/14.2.1/thumb/v8-m.main+fp/hard\libgcc.a(_dvmd_tls.o)
                              C:/arm-gnu-toolchain-14.2.rel1-mingw-w64-i686-arm-none-eabi/bin/../lib/gcc/arm-none-eabi/14.2.1/thumb/v8-m.main+fp/hard\libgcc.a(_aeabi_uldivmod.o) (__aeabi_ldiv0)
C:/arm-gnu-toolchain-14.2.rel1-mingw-w64-i686-arm-none-eabi/bin/../lib/gcc/arm-none-eabi/14.2.1/thumb/v8-m.main+fp/hard\libc_nano.a(libc_a-memcmp.o)
                              CMakeFiles/slc.dir/base/C_/Users/alji/.silabs/slt/installs/conan/p/simpl1a11563c2e399/p/bootloader/platform/bootloader/parser/gbl/btl_gbl_parser.c.obj (memcmp)
C:/arm-gnu-toolchain-14.2.rel1-mingw-w64-i686-arm-none-eabi/bin/../lib/gcc/arm-none-eabi/14.2.1/thumb/v8-m.main+fp/hard\libc_nano.a(libc_a-memmove.o)
                              CMakeFiles/slc.dir/base/e093ee322e82b9de90f2fb71086605a3/p/simpl1a11563c2e399/p/bootloader/platform/bootloader/parser/compression/btl_decompress_lzma.c.obj (memmove)
C:/arm-gnu-toolchain-14.2.rel1-mingw-w64-i686-arm-none-eabi/bin/../lib/gcc/arm-none-eabi/14.2.1/thumb/v8-m.main+fp/hard\libc_nano.a(libc_a-memset.o)
                              C:/arm-gnu-toolchain-14.2.rel1-mingw-w64-i686-arm-none-eabi/bin/../lib/gcc/arm-none-eabi/14.2.1/thumb/v8-m.main+fp/hard/crt0.o (memset)
C:/arm-gnu-toolchain-14.2.rel1-mingw-w64-i686-arm-none-eabi/bin/../lib/gcc/arm-none-eabi/14.2.1/thumb/v8-m.main+fp/hard\libc_nano.a(libc_a-init.o)
                              C:/arm-gnu-toolchain-14.2.rel1-mingw-w64-i686-arm-none-eabi/bin/../lib/gcc/arm-none-eabi/14.2.1/thumb/v8-m.main+fp/hard/crt0.o (__libc_init_array)
C:/arm-gnu-toolchain-14.2.rel1-mingw-w64-i686-arm-none-eabi/bin/../lib/gcc/arm-none-eabi/14.2.1/thumb/v8-m.main+fp/hard\libc_nano.a(libc_a-memcpy-stub.o)
                              CMakeFiles/slc.dir/base/e093ee322e82b9de90f2fb71086605a3/p/simpl1a11563c2e399/p/bootloader/platform/bootloader/parser/compression/btl_decompress_lz4.c.obj (memcpy)
C:/arm-gnu-toolchain-14.2.rel1-mingw-w64-i686-arm-none-eabi/bin/../lib/gcc/arm-none-eabi/14.2.1/thumb/v8-m.main+fp/hard\libc_nano.a(libc_a-strlen.o)
                              CMakeFiles/slc.dir/base/3dd2e58ee7aab15f9641040b4960d7c7/security_se_manager/platform/security/sl_component/se_manager/src/sl_se_manager_key_derivation.c.obj (strlen)

Discarded input sections

 .text          0x00000000        0x0 C:/arm-gnu-toolchain-14.2.rel1-mingw-w64-i686-arm-none-eabi/bin/../lib/gcc/arm-none-eabi/14.2.1/thumb/v8-m.main+fp/hard/crti.o
 .data          0x00000000        0x0 C:/arm-gnu-toolchain-14.2.rel1-mingw-w64-i686-arm-none-eabi/bin/../lib/gcc/arm-none-eabi/14.2.1/thumb/v8-m.main+fp/hard/crti.o
 .bss           0x00000000        0x0 C:/arm-gnu-toolchain-14.2.rel1-mingw-w64-i686-arm-none-eabi/bin/../lib/gcc/arm-none-eabi/14.2.1/thumb/v8-m.main+fp/hard/crti.o
 .text          0x00000000        0x0 C:/arm-gnu-toolchain-14.2.rel1-mingw-w64-i686-arm-none-eabi/bin/../lib/gcc/arm-none-eabi/14.2.1/thumb/v8-m.main+fp/hard/crtbegin.o
 .data          0x00000000        0x0 C:/arm-gnu-toolchain-14.2.rel1-mingw-w64-i686-arm-none-eabi/bin/../lib/gcc/arm-none-eabi/14.2.1/thumb/v8-m.main+fp/hard/crtbegin.o
 .bss           0x00000000        0x0 C:/arm-gnu-toolchain-14.2.rel1-mingw-w64-i686-arm-none-eabi/bin/../lib/gcc/arm-none-eabi/14.2.1/thumb/v8-m.main+fp/hard/crtbegin.o
 .rodata.all_implied_fbits
                0x00000000       0x24 C:/arm-gnu-toolchain-14.2.rel1-mingw-w64-i686-arm-none-eabi/bin/../lib/gcc/arm-none-eabi/14.2.1/thumb/v8-m.main+fp/hard/crtbegin.o
 .data.__dso_handle
                0x00000000        0x4 C:/arm-gnu-toolchain-14.2.rel1-mingw-w64-i686-arm-none-eabi/bin/../lib/gcc/arm-none-eabi/14.2.1/thumb/v8-m.main+fp/hard/crtbegin.o
 .text          0x00000000       0x7c C:/arm-gnu-toolchain-14.2.rel1-mingw-w64-i686-arm-none-eabi/bin/../lib/gcc/arm-none-eabi/14.2.1/thumb/v8-m.main+fp/hard/crt0.o
 .data          0x00000000        0x0 C:/arm-gnu-toolchain-14.2.rel1-mingw-w64-i686-arm-none-eabi/bin/../lib/gcc/arm-none-eabi/14.2.1/thumb/v8-m.main+fp/hard/crt0.o
 .bss           0x00000000        0x0 C:/arm-gnu-toolchain-14.2.rel1-mingw-w64-i686-arm-none-eabi/bin/../lib/gcc/arm-none-eabi/14.2.1/thumb/v8-m.main+fp/hard/crt0.o
[...]
Memory Configuration

Name             Origin             Length             Attributes
FLASH            0x08000000         0x00006000         xr
RAM              0x20000004         0x0007fffc         xrw
BOOTLOADER_RESET_REGION 0x20000000         0x00000004         xrw
*default*        0x00000000         0xffffffff

Linker script and memory map

LOAD C:/arm-gnu-toolchain-14.2.rel1-mingw-w64-i686-arm-none-eabi/bin/../lib/gcc/arm-none-eabi/14.2.1/thumb/v8-m.main+fp/hard/crti.o
LOAD C:/arm-gnu-toolchain-14.2.rel1-mingw-w64-i686-arm-none-eabi/bin/../lib/gcc/arm-none-eabi/14.2.1/thumb/v8-m.main+fp/hard/crtbegin.o
LOAD C:/arm-gnu-toolchain-14.2.rel1-mingw-w64-i686-arm-none-eabi/bin/../lib/gcc/arm-none-eabi/14.2.1/thumb/v8-m.main+fp/hard/crt0.o
LOAD CMakeFiles/slc.dir/base/C_/Users/alji/.silabs/slt/installs/conan/p/mattecce5da49b7e37/p/third_party/matter_sdk/examples/platform/silabs/syscalls_stubs.cpp.obj
LOAD CMakeFiles/slc.dir/base/C_/Users/alji/.silabs/slt/installs/conan/p/simpl1a11563c2e399/p/bootloader/platform/bootloader/core/btl_bootload.c.obj
LOAD CMakeFiles/slc.dir/base/C_/Users/alji/.silabs/slt/installs/conan/p/simpl1a11563c2e399/p/bootloader/platform/bootloader/core/btl_core.c.obj
LOAD CMakeFiles/slc.dir/base/C_/Users/alji/.silabs/slt/installs/conan/p/simpl1a11563c2e399/p/bootloader/platform/bootloader/core/btl_main.c.obj
LOAD CMakeFiles/slc.dir/base/C_/Users/alji/.silabs/slt/installs/conan/p/simpl1a11563c2e399/p/bootloader/platform/bootloader/core/btl_parse.c.obj
LOAD CMakeFiles/slc.dir/base/C_/Users/alji/.silabs/slt/installs/conan/p/simpl1a11563c2e399/p/bootloader/platform/bootloader/core/btl_reset.c.obj
LOAD CMakeFiles/slc.dir/base/C_/Users/alji/.silabs/slt/installs/conan/p/simpl1a11563c2e399/p/bootloader/platform/bootloader/core/flash/btl_internal_flash.c.obj
LOAD CMakeFiles/slc.dir/base/C_/Users/alji/.silabs/slt/installs/conan/p/simpl1a11563c2e399/p/bootloader/platform/bootloader/debug/btl_debug.c.obj
LOAD CMakeFiles/slc.dir/base/C_/Users/alji/.silabs/slt/installs/conan/p/simpl1a11563c2e399/p/bootloader/platform/bootloader/debug/btl_debug_swo.c.obj
LOAD CMakeFiles/slc.dir/base/C_/Users/alji/.silabs/slt/installs/conan/p/simpl1a11563c2e399/p/bootloader/platform/bootloader/driver/btl_driver_delay.c.obj
LOAD CMakeFiles/slc.dir/base/e093ee322e82b9de90f2fb71086605a3/p/simpl1a11563c2e399/p/bootloader/platform/bootloader/driver/btl_driver_spi_controller_usart.c.obj
LOAD CMakeFiles/slc.dir/base/C_/Users/alji/.silabs/slt/installs/conan/p/simpl1a11563c2e399/p/bootloader/platform/bootloader/driver/btl_driver_util.c.obj
LOAD CMakeFiles/slc.dir/base/e093ee322e82b9de90f2fb71086605a3/p/simpl1a11563c2e399/p/bootloader/platform/bootloader/parser/compression/btl_decompress_lz4.c.obj
LOAD CMakeFiles/slc.dir/base/e093ee322e82b9de90f2fb71086605a3/p/simpl1a11563c2e399/p/bootloader/platform/bootloader/parser/compression/btl_decompress_lzma.c.obj
LOAD CMakeFiles/slc.dir/base/C_/Users/alji/.silabs/slt/installs/conan/p/simpl1a11563c2e399/p/bootloader/platform/bootloader/parser/compression/lzma/LzmaDec.c.obj
LOAD CMakeFiles/slc.dir/base/C_/Users/alji/.silabs/slt/installs/conan/p/simpl1a11563c2e399/p/bootloader/platform/bootloader/parser/gbl/btl_gbl_custom_tags.c.obj
LOAD CMakeFiles/slc.dir/base/C_/Users/alji/.silabs/slt/installs/conan/p/simpl1a11563c2e399/p/bootloader/platform/bootloader/parser/gbl/btl_gbl_format.c.obj
LOAD CMakeFiles/slc.dir/base/C_/Users/alji/.silabs/slt/installs/conan/p/simpl1a11563c2e399/p/bootloader/platform/bootloader/parser/gbl/btl_gbl_parser.c.obj
LOAD CMakeFiles/slc.dir/base/C_/Users/alji/.silabs/slt/installs/conan/p/simpl1a11563c2e399/p/bootloader/platform/bootloader/security/btl_crc16.c.obj
LOAD CMakeFiles/slc.dir/base/C_/Users/alji/.silabs/slt/installs/conan/p/simpl1a11563c2e399/p/bootloader/platform/bootloader/security/btl_crc32.c.obj
LOAD CMakeFiles/slc.dir/base/C_/Users/alji/.silabs/slt/installs/conan/p/simpl1a11563c2e399/p/bootloader/platform/bootloader/security/btl_security_aes.c.obj
LOAD CMakeFiles/slc.dir/base/C_/Users/alji/.silabs/slt/installs/conan/p/simpl1a11563c2e399/p/bootloader/platform/bootloader/security/btl_security_ecdsa.c.obj
LOAD CMakeFiles/slc.dir/base/C_/Users/alji/.silabs/slt/installs/conan/p/simpl1a11563c2e399/p/bootloader/platform/bootloader/security/btl_security_sha256.c.obj
LOAD CMakeFiles/slc.dir/base/C_/Users/alji/.silabs/slt/installs/conan/p/simpl1a11563c2e399/p/bootloader/platform/bootloader/security/btl_security_tokens.c.obj
LOAD CMakeFiles/slc.dir/base/C_/Users/alji/.silabs/slt/installs/conan/p/simpl1a11563c2e399/p/bootloader/platform/bootloader/security/ecc/ecc.c.obj
LOAD CMakeFiles/slc.dir/base/C_/Users/alji/.silabs/slt/installs/conan/p/simpl1a11563c2e399/p/bootloader/platform/bootloader/security/sha/btl_sha256.c.obj
LOAD CMakeFiles/slc.dir/base/C_/Users/alji/.silabs/slt/installs/conan/p/simpl1a11563c2e399/p/bootloader/platform/bootloader/security/sha/crypto_sha.c.obj
LOAD CMakeFiles/slc.dir/base/C_/Users/alji/.silabs/slt/installs/conan/p/simpl1a11563c2e399/p/bootloader/platform/bootloader/security/sha/cryptoacc_sha.c.obj
LOAD CMakeFiles/slc.dir/base/C_/Users/alji/.silabs/slt/installs/conan/p/simpl1a11563c2e399/p/bootloader/platform/bootloader/security/sha/se_sha.c.obj
LOAD CMakeFiles/slc.dir/base/b23c506a6d26f93f6e1143118e1579d1/p/bootloader/platform/bootloader/storage/bootloadinfo/btl_storage_bootloadinfo_single.c.obj
LOAD CMakeFiles/slc.dir/base/C_/Users/alji/.silabs/slt/installs/conan/p/simpl1a11563c2e399/p/bootloader/platform/bootloader/storage/btl_callbacks_stub.c.obj
LOAD CMakeFiles/slc.dir/base/C_/Users/alji/.silabs/slt/installs/conan/p/simpl1a11563c2e399/p/bootloader/platform/bootloader/storage/btl_storage.c.obj
LOAD CMakeFiles/slc.dir/base/C_/Users/alji/.silabs/slt/installs/conan/p/simpl1a11563c2e399/p/bootloader/platform/bootloader/storage/btl_storage_library.c.obj
LOAD CMakeFiles/slc.dir/base/e093ee322e82b9de90f2fb71086605a3/p/simpl1a11563c2e399/p/bootloader/platform/bootloader/storage/spiflash/btl_storage_spiflash.c.obj
LOAD CMakeFiles/slc.dir/base/e093ee322e82b9de90f2fb71086605a3/p/simpl1a11563c2e399/p/devices/platform/Device/SiliconLabs/EFR32MG26/Source/startup_efr32mg26.c.obj
LOAD CMakeFiles/slc.dir/base/e093ee322e82b9de90f2fb71086605a3/p/simpl1a11563c2e399/p/devices/platform/Device/SiliconLabs/EFR32MG26/Source/system_efr32mg26.c.obj
LOAD CMakeFiles/slc.dir/base/C_/Users/alji/.silabs/slt/installs/conan/p/simpl1a11563c2e399/p/platform_common/platform/common/src/sl_assert.c.obj
LOAD CMakeFiles/slc.dir/base/C_/Users/alji/.silabs/slt/installs/conan/p/simpl1a11563c2e399/p/platform_common/platform/common/src/sl_syscalls.c.obj
LOAD CMakeFiles/slc.dir/base/C_/Users/alji/.silabs/slt/installs/conan/p/simpl1a11563c2e399/p/platform_core/platform/common/src/sl_core_cortexm.c.obj
LOAD CMakeFiles/slc.dir/base/C_/Users/alji/.silabs/slt/installs/conan/p/simpl1a11563c2e399/p/platform_core/platform/emlib/src/em_acmp.c.obj
LOAD CMakeFiles/slc.dir/base/C_/Users/alji/.silabs/slt/installs/conan/p/simpl1a11563c2e399/p/platform_core/platform/emlib/src/em_burtc.c.obj
LOAD CMakeFiles/slc.dir/base/C_/Users/alji/.silabs/slt/installs/conan/p/simpl1a11563c2e399/p/platform_core/platform/emlib/src/em_cmu.c.obj
LOAD CMakeFiles/slc.dir/base/C_/Users/alji/.silabs/slt/installs/conan/p/simpl1a11563c2e399/p/platform_core/platform/emlib/src/em_dbg.c.obj
LOAD CMakeFiles/slc.dir/base/C_/Users/alji/.silabs/slt/installs/conan/p/simpl1a11563c2e399/p/platform_core/platform/emlib/src/em_emu.c.obj
LOAD CMakeFiles/slc.dir/base/C_/Users/alji/.silabs/slt/installs/conan/p/simpl1a11563c2e399/p/platform_core/platform/emlib/src/em_eusart.c.obj
LOAD CMakeFiles/slc.dir/base/C_/Users/alji/.silabs/slt/installs/conan/p/simpl1a11563c2e399/p/platform_core/platform/emlib/src/em_gpcrc.c.obj
LOAD CMakeFiles/slc.dir/base/C_/Users/alji/.silabs/slt/installs/conan/p/simpl1a11563c2e399/p/platform_core/platform/emlib/src/em_gpio.c.obj
LOAD CMakeFiles/slc.dir/base/C_/Users/alji/.silabs/slt/installs/conan/p/simpl1a11563c2e399/p/platform_core/platform/emlib/src/em_i2c.c.obj
LOAD CMakeFiles/slc.dir/base/C_/Users/alji/.silabs/slt/installs/conan/p/simpl1a11563c2e399/p/platform_core/platform/emlib/src/em_iadc.c.obj
LOAD CMakeFiles/slc.dir/base/C_/Users/alji/.silabs/slt/installs/conan/p/simpl1a11563c2e399/p/platform_core/platform/emlib/src/em_lcd.c.obj
LOAD CMakeFiles/slc.dir/base/C_/Users/alji/.silabs/slt/installs/conan/p/simpl1a11563c2e399/p/platform_core/platform/emlib/src/em_ldma.c.obj
LOAD CMakeFiles/slc.dir/base/C_/Users/alji/.silabs/slt/installs/conan/p/simpl1a11563c2e399/p/platform_core/platform/emlib/src/em_letimer.c.obj
LOAD CMakeFiles/slc.dir/base/C_/Users/alji/.silabs/slt/installs/conan/p/simpl1a11563c2e399/p/platform_core/platform/emlib/src/em_msc.c.obj
LOAD CMakeFiles/slc.dir/base/C_/Users/alji/.silabs/slt/installs/conan/p/simpl1a11563c2e399/p/platform_core/platform/emlib/src/em_opamp.c.obj
LOAD CMakeFiles/slc.dir/base/C_/Users/alji/.silabs/slt/installs/conan/p/simpl1a11563c2e399/p/platform_core/platform/emlib/src/em_pcnt.c.obj
LOAD CMakeFiles/slc.dir/base/C_/Users/alji/.silabs/slt/installs/conan/p/simpl1a11563c2e399/p/platform_core/platform/emlib/src/em_prs.c.obj
LOAD CMakeFiles/slc.dir/base/C_/Users/alji/.silabs/slt/installs/conan/p/simpl1a11563c2e399/p/platform_core/platform/emlib/src/em_rmu.c.obj
LOAD CMakeFiles/slc.dir/base/C_/Users/alji/.silabs/slt/installs/conan/p/simpl1a11563c2e399/p/platform_core/platform/emlib/src/em_system.c.obj
LOAD CMakeFiles/slc.dir/base/C_/Users/alji/.silabs/slt/installs/conan/p/simpl1a11563c2e399/p/platform_core/platform/emlib/src/em_timer.c.obj
LOAD CMakeFiles/slc.dir/base/C_/Users/alji/.silabs/slt/installs/conan/p/simpl1a11563c2e399/p/platform_core/platform/emlib/src/em_usart.c.obj
LOAD CMakeFiles/slc.dir/base/C_/Users/alji/.silabs/slt/installs/conan/p/simpl1a11563c2e399/p/platform_core/platform/emlib/src/em_vdac.c.obj
LOAD CMakeFiles/slc.dir/base/C_/Users/alji/.silabs/slt/installs/conan/p/simpl1a11563c2e399/p/platform_core/platform/emlib/src/em_wdog.c.obj
LOAD CMakeFiles/slc.dir/base/e093ee322e82b9de90f2fb71086605a3/p/simpl1a11563c2e399/p/platform_core/platform/service/memory_manager/src/sl_memory_manager.c.obj
LOAD CMakeFiles/slc.dir/base/b23c506a6d26f93f6e1143118e1579d1/p/platform_core/platform/service/memory_manager/src/sl_memory_manager_dynamic_reservation.c.obj
LOAD CMakeFiles/slc.dir/base/e093ee322e82b9de90f2fb71086605a3/p/simpl1a11563c2e399/p/platform_core/platform/service/memory_manager/src/sl_memory_manager_pool.c.obj
LOAD CMakeFiles/slc.dir/base/b23c506a6d26f93f6e1143118e1579d1/p/platform_core/platform/service/memory_manager/src/sl_memory_manager_pool_common.c.obj
LOAD CMakeFiles/slc.dir/base/3dc8699faedc723c22468006e9a61af6/simpl1a11563c2e399/p/platform_core/platform/service/memory_manager/src/sl_memory_manager_region.c.obj
LOAD CMakeFiles/slc.dir/base/b23c506a6d26f93f6e1143118e1579d1/p/platform_core/platform/service/memory_manager/src/sl_memory_manager_retarget.c.obj
LOAD CMakeFiles/slc.dir/base/b23c506a6d26f93f6e1143118e1579d1/p/platform_core/platform/service/memory_manager/src/sli_memory_manager_common.c.obj
LOAD CMakeFiles/slc.dir/base/C_/Users/alji/.silabs/slt/installs/conan/p/simpl1a11563c2e399/p/platform_core/platform/service/udelay/src/sl_udelay.c.obj
LOAD CMakeFiles/slc.dir/base/C_/Users/alji/.silabs/slt/installs/conan/p/simpl1a11563c2e399/p/platform_core/platform/service/udelay/src/sl_udelay_armv6m_gcc.S.obj
LOAD CMakeFiles/slc.dir/base/b23c506a6d26f93f6e1143118e1579d1/p/security_mbedtls/platform/security/sl_component/sl_mbedtls_support/src/se_aes.c.obj
LOAD CMakeFiles/slc.dir/base/b23c506a6d26f93f6e1143118e1579d1/p/security_mbedtls/platform/security/sl_component/sl_mbedtls_support/src/sl_mbedtls.c.obj
LOAD CMakeFiles/slc.dir/base/b23c506a6d26f93f6e1143118e1579d1/p/security_mbedtls/platform/security/sl_component/sl_psa_driver/src/sli_psa_driver_common.c.obj
LOAD CMakeFiles/slc.dir/base/b23c506a6d26f93f6e1143118e1579d1/p/security_mbedtls/platform/security/sl_component/sl_psa_driver/src/sli_psa_driver_init.c.obj
LOAD CMakeFiles/slc.dir/base/b23c506a6d26f93f6e1143118e1579d1/p/security_mbedtls/platform/security/sl_component/sl_psa_driver/src/sli_se_driver_aead.c.obj
LOAD CMakeFiles/slc.dir/base/b23c506a6d26f93f6e1143118e1579d1/p/security_mbedtls/platform/security/sl_component/sl_psa_driver/src/sli_se_driver_builtin_keys.c.obj
LOAD CMakeFiles/slc.dir/base/b23c506a6d26f93f6e1143118e1579d1/p/security_mbedtls/platform/security/sl_component/sl_psa_driver/src/sli_se_driver_cipher.c.obj
LOAD CMakeFiles/slc.dir/base/3dd2e58ee7aab15f9641040b4960d7c7/security_mbedtls/platform/security/sl_component/sl_psa_driver/src/sli_se_driver_key_derivation.c.obj
LOAD CMakeFiles/slc.dir/base/3dd2e58ee7aab15f9641040b4960d7c7/security_mbedtls/platform/security/sl_component/sl_psa_driver/src/sli_se_driver_key_management.c.obj
LOAD CMakeFiles/slc.dir/base/b23c506a6d26f93f6e1143118e1579d1/p/security_mbedtls/platform/security/sl_component/sl_psa_driver/src/sli_se_driver_mac.c.obj
LOAD CMakeFiles/slc.dir/base/b23c506a6d26f93f6e1143118e1579d1/p/security_mbedtls/platform/security/sl_component/sl_psa_driver/src/sli_se_driver_signature.c.obj
LOAD CMakeFiles/slc.dir/base/b23c506a6d26f93f6e1143118e1579d1/p/security_mbedtls/platform/security/sl_component/sl_psa_driver/src/sli_se_opaque_driver_aead.c.obj
LOAD CMakeFiles/slc.dir/base/b23c506a6d26f93f6e1143118e1579d1/p/security_mbedtls/platform/security/sl_component/sl_psa_driver/src/sli_se_opaque_driver_cipher.c.obj
LOAD CMakeFiles/slc.dir/base/b23c506a6d26f93f6e1143118e1579d1/p/security_mbedtls/platform/security/sl_component/sl_psa_driver/src/sli_se_opaque_driver_mac.c.obj
LOAD CMakeFiles/slc.dir/base/3dd2e58ee7aab15f9641040b4960d7c7/security_mbedtls/platform/security/sl_component/sl_psa_driver/src/sli_se_opaque_key_derivation.c.obj
LOAD CMakeFiles/slc.dir/base/c31490768585b3001ff14cdf4be5ad76/platform/security/sl_component/sl_psa_driver/src/sli_se_transparent_driver_aead.c.obj
LOAD CMakeFiles/slc.dir/base/c31490768585b3001ff14cdf4be5ad76/platform/security/sl_component/sl_psa_driver/src/sli_se_transparent_driver_cipher.c.obj
LOAD CMakeFiles/slc.dir/base/c31490768585b3001ff14cdf4be5ad76/platform/security/sl_component/sl_psa_driver/src/sli_se_transparent_driver_hash.c.obj
LOAD CMakeFiles/slc.dir/base/3dd2e58ee7aab15f9641040b4960d7c7/security_mbedtls/platform/security/sl_component/sl_psa_driver/src/sli_se_transparent_driver_mac.c.obj
LOAD CMakeFiles/slc.dir/base/c31490768585b3001ff14cdf4be5ad76/platform/security/sl_component/sl_psa_driver/src/sli_se_transparent_key_derivation.c.obj
LOAD CMakeFiles/slc.dir/base/b23c506a6d26f93f6e1143118e1579d1/p/security_mbedtls/platform/security/sl_component/sl_psa_driver/src/sli_se_version_dependencies.c.obj
LOAD CMakeFiles/slc.dir/base/C_/Users/alji/.silabs/slt/installs/conan/p/simpl1a11563c2e399/p/security_mbedtls_source/library/aes.c.obj
LOAD CMakeFiles/slc.dir/base/C_/Users/alji/.silabs/slt/installs/conan/p/simpl1a11563c2e399/p/security_mbedtls_source/library/constant_time.c.obj
LOAD CMakeFiles/slc.dir/base/C_/Users/alji/.silabs/slt/installs/conan/p/simpl1a11563c2e399/p/security_mbedtls_source/library/platform.c.obj
LOAD CMakeFiles/slc.dir/base/C_/Users/alji/.silabs/slt/installs/conan/p/simpl1a11563c2e399/p/security_mbedtls_source/library/platform_util.c.obj
LOAD CMakeFiles/slc.dir/base/C_/Users/alji/.silabs/slt/installs/conan/p/simpl1a11563c2e399/p/security_mbedtls_source/library/psa_crypto_client.c.obj
LOAD CMakeFiles/slc.dir/base/C_/Users/alji/.silabs/slt/installs/conan/p/simpl1a11563c2e399/p/security_mbedtls_source/library/psa_util.c.obj
LOAD CMakeFiles/slc.dir/base/C_/Users/alji/.silabs/slt/installs/conan/p/simpl1a11563c2e399/p/security_mbedtls_source/library/threading.c.obj
LOAD CMakeFiles/slc.dir/base/b23c506a6d26f93f6e1143118e1579d1/p/security_se_manager/platform/security/sl_component/se_manager/src/sl_se_manager.c.obj
LOAD CMakeFiles/slc.dir/base/b23c506a6d26f93f6e1143118e1579d1/p/security_se_manager/platform/security/sl_component/se_manager/src/sl_se_manager_attestation.c.obj
LOAD CMakeFiles/slc.dir/base/b23c506a6d26f93f6e1143118e1579d1/p/security_se_manager/platform/security/sl_component/se_manager/src/sl_se_manager_cipher.c.obj
LOAD CMakeFiles/slc.dir/base/b23c506a6d26f93f6e1143118e1579d1/p/security_se_manager/platform/security/sl_component/se_manager/src/sl_se_manager_entropy.c.obj
LOAD CMakeFiles/slc.dir/base/b23c506a6d26f93f6e1143118e1579d1/p/security_se_manager/platform/security/sl_component/se_manager/src/sl_se_manager_hash.c.obj
LOAD CMakeFiles/slc.dir/base/3dd2e58ee7aab15f9641040b4960d7c7/security_se_manager/platform/security/sl_component/se_manager/src/sl_se_manager_key_derivation.c.obj
LOAD CMakeFiles/slc.dir/base/b23c506a6d26f93f6e1143118e1579d1/p/security_se_manager/platform/security/sl_component/se_manager/src/sl_se_manager_key_handling.c.obj
LOAD CMakeFiles/slc.dir/base/b23c506a6d26f93f6e1143118e1579d1/p/security_se_manager/platform/security/sl_component/se_manager/src/sl_se_manager_signature.c.obj
LOAD CMakeFiles/slc.dir/base/b23c506a6d26f93f6e1143118e1579d1/p/security_se_manager/platform/security/sl_component/se_manager/src/sl_se_manager_util.c.obj
LOAD CMakeFiles/slc.dir/base/b23c506a6d26f93f6e1143118e1579d1/p/security_se_manager/platform/security/sl_component/se_manager/src/sli_se_manager_mailbox.c.obj
LOAD CMakeFiles/slc.dir/base/C_/Users/alji/.silabs/slt/installs/conan/p/simpl1a11563c2e399/p/security_tfm/lib/fih/src/fih.c.obj
LOAD CMakeFiles/slc.dir/base/C_/Users/alji/.silabs/slt/installs/conan/p/simpl1a11563c2e399/p/security_tfm/platform/ext/target/siliconlabs/hse/sli_se.c.obj
START GROUP
LOAD C:/arm-gnu-toolchain-14.2.rel1-mingw-w64-i686-arm-none-eabi/bin/../lib/gcc/arm-none-eabi/14.2.1/thumb/v8-m.main+fp/hard\libgcc.a
LOAD C:/arm-gnu-toolchain-14.2.rel1-mingw-w64-i686-arm-none-eabi/bin/../lib/gcc/arm-none-eabi/14.2.1/thumb/v8-m.main+fp/hard\libc_nano.a
LOAD C:/arm-gnu-toolchain-14.2.rel1-mingw-w64-i686-arm-none-eabi/bin/../lib/gcc/arm-none-eabi/14.2.1/thumb/v8-m.main+fp/hard\libm.a
LOAD C:/arm-gnu-toolchain-14.2.rel1-mingw-w64-i686-arm-none-eabi/bin/../lib/gcc/arm-none-eabi/14.2.1/thumb/v8-m.main+fp/hard\libnosys.a
END GROUP
START GROUP
LOAD C:/arm-gnu-toolchain-14.2.rel1-mingw-w64-i686-arm-none-eabi/bin/../lib/gcc/arm-none-eabi/14.2.1/thumb/v8-m.main+fp/hard\libgcc.a
LOAD C:/arm-gnu-toolchain-14.2.rel1-mingw-w64-i686-arm-none-eabi/bin/../lib/gcc/arm-none-eabi/14.2.1/thumb/v8-m.main+fp/hard\libc_nano.a
END GROUP
START GROUP
LOAD C:/arm-gnu-toolchain-14.2.rel1-mingw-w64-i686-arm-none-eabi/bin/../lib/gcc/arm-none-eabi/14.2.1/thumb/v8-m.main+fp/hard\libgcc.a
LOAD C:/arm-gnu-toolchain-14.2.rel1-mingw-w64-i686-arm-none-eabi/bin/../lib/gcc/arm-none-eabi/14.2.1/thumb/v8-m.main+fp/hard\libc_nano.a
END GROUP
LOAD C:/arm-gnu-toolchain-14.2.rel1-mingw-w64-i686-arm-none-eabi/bin/../lib/gcc/arm-none-eabi/14.2.1/thumb/v8-m.main+fp/hard/crtend.o
LOAD C:/arm-gnu-toolchain-14.2.rel1-mingw-w64-i686-arm-none-eabi/bin/../lib/gcc/arm-none-eabi/14.2.1/thumb/v8-m.main+fp/hard/crtn.o

.vectors        0x08000000      0x1b4
                0x08000000                        linker_vectors_begin = .
 *(.vectors)
 .vectors       0x08000000      0x1b4 CMakeFiles/slc.dir/base/e093ee322e82b9de90f2fb71086605a3/p/simpl1a11563c2e399/p/devices/platform/Device/SiliconLabs/EFR32MG26/Source/startup_efr32mg26.c.obj
                0x08000000                __Vectors
                0x080001b4                        linker_vectors_end = .
                0x080001b4                        __Vectors_End = .
                0x080001b4                        __Vectors_Size = (__Vectors_End - __Vectors)

.bootloader_reset_section
                0x20000000        0x4
                0x20000000                        __ResetReasonStart__ = .
                0x20000004                        . = (. + 0x4)
 *fill*         0x20000000        0x4 
                0x20000004                        . = ALIGN (0x4)
                0x20000004                        __ResetReasonEnd__ = .

.stack          0x20000008     0x1000
                0x20000008                        . = ALIGN (0x8)
                0x20000008                        __StackLimit = .
 *(.stack*)
 .stack         0x20000008     0x1000 CMakeFiles/slc.dir/base/3dc8699faedc723c22468006e9a61af6/simpl1a11563c2e399/p/platform_core/platform/service/memory_manager/src/sl_memory_manager_region.c.obj
                0x20001008                        . = ALIGN (0x4)
                0x20001008                        __StackTop = .
                0x20001008                        PROVIDE (__stack = __StackTop)

.stackseal      0x20001008        0x8
                0x20001008                        __StackSeal = .
                0x20001010                        . = (. + 0x8)
 *fill*         0x20001008        0x8 
                0x20001010                        . = ALIGN (0x8)

.bss            0x20001010     0x4dbc
                0x20001010                        . = ALIGN (0x4)
                0x20001010                        __bss_start__ = .
 *(SORT_BY_ALIGNMENT(.bss*))
 .bss.object.0  0x20001010       0x18 C:/arm-gnu-toolchain-14.2.rel1-mingw-w64-i686-arm-none-eabi/bin/../lib/gcc/arm-none-eabi/14.2.1/thumb/v8-m.main+fp/hard/crtbegin.o
 .bss.lz4ParserContext
                0x20001028       0x24 CMakeFiles/slc.dir/base/e093ee322e82b9de90f2fb71086605a3/p/simpl1a11563c2e399/p/bootloader/platform/bootloader/parser/compression/btl_decompress_lz4.c.obj
 .bss.allocSeq  0x2000104c        0x4 CMakeFiles/slc.dir/base/e093ee322e82b9de90f2fb71086605a3/p/simpl1a11563c2e399/p/bootloader/platform/bootloader/parser/compression/btl_decompress_lzma.c.obj
 .bss.decompressorState
                0x20001050       0x70 CMakeFiles/slc.dir/base/e093ee322e82b9de90f2fb71086605a3/p/simpl1a11563c2e399/p/bootloader/platform/bootloader/parser/compression/btl_decompress_lzma.c.obj
 .bss.outputBufferPos
                0x200010c0        0x4 CMakeFiles/slc.dir/base/e093ee322e82b9de90f2fb71086605a3/p/simpl1a11563c2e399/p/bootloader/platform/bootloader/parser/compression/btl_decompress_lzma.c.obj
 .bss.outputBuffer
                0x200010c4      0x300 CMakeFiles/slc.dir/base/e093ee322e82b9de90f2fb71086605a3/p/simpl1a11563c2e399/p/bootloader/platform/bootloader/parser/compression/btl_decompress_lzma.c.obj
 .bss.inputBufferPos
                0x200013c4        0x4 CMakeFiles/slc.dir/base/e093ee322e82b9de90f2fb71086605a3/p/simpl1a11563c2e399/p/bootloader/platform/bootloader/parser/compression/btl_decompress_lzma.c.obj
 .bss.inputBuffer
                0x200013c8      0x200 CMakeFiles/slc.dir/base/e093ee322e82b9de90f2fb71086605a3/p/simpl1a11563c2e399/p/bootloader/platform/bootloader/parser/compression/btl_decompress_lzma.c.obj
 .bss.dict      0x200015c8     0x2000 CMakeFiles/slc.dir/base/e093ee322e82b9de90f2fb71086605a3/p/simpl1a11563c2e399/p/bootloader/platform/bootloader/parser/compression/btl_decompress_lzma.c.obj
 .bss.heapArray
                0x200035c8     0x2800 CMakeFiles/slc.dir/base/e093ee322e82b9de90f2fb71086605a3/p/simpl1a11563c2e399/p/bootloader/platform/bootloader/parser/compression/btl_decompress_lzma.c.obj
 .bss.completed.1
                0x20005dc8        0x1 C:/arm-gnu-toolchain-14.2.rel1-mingw-w64-i686-arm-none-eabi/bin/../lib/gcc/arm-none-eabi/14.2.1/thumb/v8-m.main+fp/hard/crtbegin.o
 .bss.firstCallInProgTag
                0x20005dc9        0x1 CMakeFiles/slc.dir/base/e093ee322e82b9de90f2fb71086605a3/p/simpl1a11563c2e399/p/bootloader/platform/bootloader/parser/compression/btl_decompress_lzma.c.obj
 *(COMMON)
                0x20005dcc                        . = ALIGN (0x4)
 *fill*         0x20005dca        0x2 
                0x20005dcc                        __bss_end__ = .

.noinit
 *(.noinit*)

text_application_ram
                0x20005dcc        0x0 load address 0x080001b4
                0x20005dcc                        . = ALIGN (0x4)
                0x20005dcc                        __vma_ramfuncs_start__ = .
 *(text_application_ram)
                0x20005dcc                        . = ALIGN (0x4)
                0x20005dcc                        __vma_ramfuncs_end__ = .
                0x080001b4                        __lma_ramfuncs_start__ = LOADADDR (text_application_ram)
                0x080001b4                        __lma_ramfuncs_end__ = (LOADADDR (text_application_ram) + SIZEOF (text_application_ram))

.rodata

.text           0x080001c0     0x44b8
                0x080001c0                        linker_code_begin = .
 *(SORT_BY_ALIGNMENT(.text*))
 .text          0x080001c0        0x8 CMakeFiles/slc.dir/base/C_/Users/alji/.silabs/slt/installs/conan/p/simpl1a11563c2e399/p/platform_core/platform/service/udelay/src/sl_udelay_armv6m_gcc.S.obj
                0x080001c0                sli_delay_loop
 .text.Reset_Handler
                0x080001c8       0x40 CMakeFiles/slc.dir/base/e093ee322e82b9de90f2fb71086605a3/p/simpl1a11563c2e399/p/devices/platform/Device/SiliconLabs/EFR32MG26/Source/startup_efr32mg26.c.obj
                0x080001c8                Reset_Handler
 .text.deregister_tm_clones
                0x08000208       0x1c C:/arm-gnu-toolchain-14.2.rel1-mingw-w64-i686-arm-none-eabi/bin/../lib/gcc/arm-none-eabi/14.2.1/thumb/v8-m.main+fp/hard/crtbegin.o
 .text.register_tm_clones
                0x08000224       0x28 C:/arm-gnu-toolchain-14.2.rel1-mingw-w64-i686-arm-none-eabi/bin/../lib/gcc/arm-none-eabi/14.2.1/thumb/v8-m.main+fp/hard/crtbegin.o
 .text.__do_global_dtors_aux
                0x0800024c       0x28 C:/arm-gnu-toolchain-14.2.rel1-mingw-w64-i686-arm-none-eabi/bin/../lib/gcc/arm-none-eabi/14.2.1/thumb/v8-m.main+fp/hard/crtbegin.o
 .text.frame_dummy
                0x08000274       0x24 C:/arm-gnu-toolchain-14.2.rel1-mingw-w64-i686-arm-none-eabi/bin/../lib/gcc/arm-none-eabi/14.2.1/thumb/v8-m.main+fp/hard/crtbegin.o
 .text.bootload_bootloaderCallback
                0x08000298       0x50 CMakeFiles/slc.dir/base/C_/Users/alji/.silabs/slt/installs/conan/p/simpl1a11563c2e399/p/bootloader/platform/bootloader/core/btl_bootload.c.obj
                0x08000298                bootload_bootloaderCallback
 .text.bootload_checkApplicationPropertiesMagic
                0x080002e8       0x4c CMakeFiles/slc.dir/base/C_/Users/alji/.silabs/slt/installs/conan/p/simpl1a11563c2e399/p/bootloader/platform/bootloader/core/btl_bootload.c.obj
                0x080002e8                bootload_checkApplicationPropertiesMagic
 .text.bootload_verifyApplication
                0x08000334       0xe4 CMakeFiles/slc.dir/base/C_/Users/alji/.silabs/slt/installs/conan/p/simpl1a11563c2e399/p/bootloader/platform/bootloader/core/btl_bootload.c.obj
                0x08000334                bootload_verifyApplication
 .text.bootload_commitBootloaderUpgrade
                0x08000418       0x94 CMakeFiles/slc.dir/base/C_/Users/alji/.silabs/slt/installs/conan/p/simpl1a11563c2e399/p/bootloader/platform/bootloader/core/btl_bootload.c.obj
                0x08000418                bootload_commitBootloaderUpgrade
 .text.bootload_commitSeUpgrade
                0x080004ac       0x6c CMakeFiles/slc.dir/base/C_/Users/alji/.silabs/slt/installs/conan/p/simpl1a11563c2e399/p/bootloader/platform/bootloader/core/btl_bootload.c.obj
                0x080004ac                bootload_commitSeUpgrade
 .text.bootload_getSeVersion
                0x08000518       0x50 CMakeFiles/slc.dir/base/C_/Users/alji/.silabs/slt/installs/conan/p/simpl1a11563c2e399/p/bootloader/platform/bootloader/core/btl_bootload.c.obj
                0x08000518                bootload_getSeVersion
 .text.bootload_getUpgradeLocation
                0x08000568        0x8 CMakeFiles/slc.dir/base/C_/Users/alji/.silabs/slt/installs/conan/p/simpl1a11563c2e399/p/bootloader/platform/bootloader/core/btl_bootload.c.obj
                0x08000568                bootload_getUpgradeLocation
 .text.SystemInit2
                0x08000570      0x128 CMakeFiles/slc.dir/base/C_/Users/alji/.silabs/slt/installs/conan/p/simpl1a11563c2e399/p/bootloader/platform/bootloader/core/btl_main.c.obj
                0x08000570                SystemInit2
 .text.reset_invalidateResetReason
                0x08000698       0x10 CMakeFiles/slc.dir/base/C_/Users/alji/.silabs/slt/installs/conan/p/simpl1a11563c2e399/p/bootloader/platform/bootloader/core/btl_reset.c.obj
                0x08000698                reset_invalidateResetReason
 .text.reset_enableResetCounter
                0x080006a8       0x10 CMakeFiles/slc.dir/base/C_/Users/alji/.silabs/slt/installs/conan/p/simpl1a11563c2e399/p/bootloader/platform/bootloader/core/btl_reset.c.obj
                0x080006a8                reset_enableResetCounter
 .text.reset_disableResetCounter
                0x080006b8       0x10 CMakeFiles/slc.dir/base/C_/Users/alji/.silabs/slt/installs/conan/p/simpl1a11563c2e399/p/bootloader/platform/bootloader/core/btl_reset.c.obj
                0x080006b8                reset_disableResetCounter
 .text.reset_resetCounterEnabled
                0x080006c8       0x1c CMakeFiles/slc.dir/base/C_/Users/alji/.silabs/slt/installs/conan/p/simpl1a11563c2e399/p/bootloader/platform/bootloader/core/btl_reset.c.obj
                0x080006c8                reset_resetCounterEnabled
 .text.reset_setResetReason
                0x080006e4       0x18 CMakeFiles/slc.dir/base/C_/Users/alji/.silabs/slt/installs/conan/p/simpl1a11563c2e399/p/bootloader/platform/bootloader/core/btl_reset.c.obj
                0x080006e4                reset_setResetReason
 .text.reset_getResetCounter
                0x080006fc       0x18 CMakeFiles/slc.dir/base/C_/Users/alji/.silabs/slt/installs/conan/p/simpl1a11563c2e399/p/bootloader/platform/bootloader/core/btl_reset.c.obj
                0x080006fc                reset_getResetCounter
 .text.reset_incrementResetCounter
                0x08000714       0x24 CMakeFiles/slc.dir/base/C_/Users/alji/.silabs/slt/installs/conan/p/simpl1a11563c2e399/p/bootloader/platform/bootloader/core/btl_reset.c.obj
                0x08000714                reset_incrementResetCounter
 .text.reset_resetWithReason
                0x08000738       0x28 CMakeFiles/slc.dir/base/C_/Users/alji/.silabs/slt/installs/conan/p/simpl1a11563c2e399/p/bootloader/platform/bootloader/core/btl_reset.c.obj
                0x08000738                reset_resetWithReason
 .text.reset_classifyReset
                0x08000760       0x2c CMakeFiles/slc.dir/base/C_/Users/alji/.silabs/slt/installs/conan/p/simpl1a11563c2e399/p/bootloader/platform/bootloader/core/btl_reset.c.obj
                0x08000760                reset_classifyReset
 .text.flash_erasePage
                0x0800078c       0x1c CMakeFiles/slc.dir/base/C_/Users/alji/.silabs/slt/installs/conan/p/simpl1a11563c2e399/p/bootloader/platform/bootloader/core/flash/btl_internal_flash.c.obj
                0x0800078c                flash_erasePage
 .text.flash_writeBuffer_dma
                0x080007a8       0x50 CMakeFiles/slc.dir/base/C_/Users/alji/.silabs/slt/installs/conan/p/simpl1a11563c2e399/p/bootloader/platform/bootloader/core/flash/btl_internal_flash.c.obj
                0x080007a8                flash_writeBuffer_dma
 .text.delay_microseconds
                0x080007f8       0x2c CMakeFiles/slc.dir/base/C_/Users/alji/.silabs/slt/installs/conan/p/simpl1a11563c2e399/p/bootloader/platform/bootloader/driver/btl_driver_delay.c.obj
                0x080007f8                delay_microseconds
 .text.clk_enable
                0x08000824       0x14 CMakeFiles/slc.dir/base/e093ee322e82b9de90f2fb71086605a3/p/simpl1a11563c2e399/p/bootloader/platform/bootloader/driver/btl_driver_spi_controller_usart.c.obj
 .text.spi_init
                0x08000838       0xac CMakeFiles/slc.dir/base/e093ee322e82b9de90f2fb71086605a3/p/simpl1a11563c2e399/p/bootloader/platform/bootloader/driver/btl_driver_spi_controller_usart.c.obj
                0x08000838                spi_init
 .text.spi_writeByte
                0x080008e4       0x18 CMakeFiles/slc.dir/base/e093ee322e82b9de90f2fb71086605a3/p/simpl1a11563c2e399/p/bootloader/platform/bootloader/driver/btl_driver_spi_controller_usart.c.obj
                0x080008e4                spi_writeByte
 .text.spi_write3Byte
                0x080008fc       0x40 CMakeFiles/slc.dir/base/e093ee322e82b9de90f2fb71086605a3/p/simpl1a11563c2e399/p/bootloader/platform/bootloader/driver/btl_driver_spi_controller_usart.c.obj
                0x080008fc                spi_write3Byte
 .text.spi_readByte
                0x0800093c       0x18 CMakeFiles/slc.dir/base/e093ee322e82b9de90f2fb71086605a3/p/simpl1a11563c2e399/p/bootloader/platform/bootloader/driver/btl_driver_spi_controller_usart.c.obj
                0x0800093c                spi_readByte
 .text.spi_readHalfword
                0x08000954       0x30 CMakeFiles/slc.dir/base/e093ee322e82b9de90f2fb71086605a3/p/simpl1a11563c2e399/p/bootloader/platform/bootloader/driver/btl_driver_spi_controller_usart.c.obj
                0x08000954                spi_readHalfword
 .text.spi_setCsActive
                0x08000984       0x14 CMakeFiles/slc.dir/base/e093ee322e82b9de90f2fb71086605a3/p/simpl1a11563c2e399/p/bootloader/platform/bootloader/driver/btl_driver_spi_controller_usart.c.obj
                0x08000984                spi_setCsActive
 .text.spi_setCsInactive
                0x08000998       0x14 CMakeFiles/slc.dir/base/e093ee322e82b9de90f2fb71086605a3/p/simpl1a11563c2e399/p/bootloader/platform/bootloader/driver/btl_driver_spi_controller_usart.c.obj
                0x08000998                spi_setCsInactive
 .text.util_getClockFreq
                0x080009ac       0x94 CMakeFiles/slc.dir/base/C_/Users/alji/.silabs/slt/installs/conan/p/simpl1a11563c2e399/p/bootloader/platform/bootloader/driver/btl_driver_util.c.obj
                0x080009ac                util_getClockFreq
 .text.gbl_lz4ReadMemory
                0x08000a40      0x118 CMakeFiles/slc.dir/base/e093ee322e82b9de90f2fb71086605a3/p/simpl1a11563c2e399/p/bootloader/platform/bootloader/parser/compression/btl_decompress_lz4.c.obj
                0x08000a40                gbl_lz4ReadMemory
 .text.gbl_lz4WriteMemory
                0x08000b58       0xac CMakeFiles/slc.dir/base/e093ee322e82b9de90f2fb71086605a3/p/simpl1a11563c2e399/p/bootloader/platform/bootloader/parser/compression/btl_decompress_lz4.c.obj
                0x08000b58                gbl_lz4WriteMemory
 .text.gbl_lz4EnterProgTag
                0x08000c04       0x2c CMakeFiles/slc.dir/base/e093ee322e82b9de90f2fb71086605a3/p/simpl1a11563c2e399/p/bootloader/platform/bootloader/parser/compression/btl_decompress_lz4.c.obj
                0x08000c04                gbl_lz4EnterProgTag
 .text.gbl_lz4ParseProgTag
                0x08000c30       0x48 CMakeFiles/slc.dir/base/e093ee322e82b9de90f2fb71086605a3/p/simpl1a11563c2e399/p/bootloader/platform/bootloader/parser/compression/btl_decompress_lz4.c.obj
                0x08000c30                gbl_lz4ParseProgTag
 .text.gbl_lz4NumBytesRequired
                0x08000c78       0x1c CMakeFiles/slc.dir/base/e093ee322e82b9de90f2fb71086605a3/p/simpl1a11563c2e399/p/bootloader/platform/bootloader/parser/compression/btl_decompress_lz4.c.obj
                0x08000c78                gbl_lz4NumBytesRequired
 .text.gbl_lz4ExitProgTag
                0x08000c94       0x3c CMakeFiles/slc.dir/base/e093ee322e82b9de90f2fb71086605a3/p/simpl1a11563c2e399/p/bootloader/platform/bootloader/parser/compression/btl_decompress_lz4.c.obj
                0x08000c94                gbl_lz4ExitProgTag
 .text.lzmaAlloc
                0x08000cd0       0x38 CMakeFiles/slc.dir/base/e093ee322e82b9de90f2fb71086605a3/p/simpl1a11563c2e399/p/bootloader/platform/bootloader/parser/compression/btl_decompress_lzma.c.obj
 .text.lzmaFree
                0x08000d08       0x18 CMakeFiles/slc.dir/base/e093ee322e82b9de90f2fb71086605a3/p/simpl1a11563c2e399/p/bootloader/platform/bootloader/parser/compression/btl_decompress_lzma.c.obj
 .text.decompressAndFlash
                0x08000d20       0xdc CMakeFiles/slc.dir/base/e093ee322e82b9de90f2fb71086605a3/p/simpl1a11563c2e399/p/bootloader/platform/bootloader/parser/compression/btl_decompress_lzma.c.obj
 .text.gbl_lzmaEnterProgTag
                0x08000dfc       0x30 CMakeFiles/slc.dir/base/e093ee322e82b9de90f2fb71086605a3/p/simpl1a11563c2e399/p/bootloader/platform/bootloader/parser/compression/btl_decompress_lzma.c.obj
                0x08000dfc                gbl_lzmaEnterProgTag
 .text.gbl_lzmaParseProgTag
                0x08000e2c       0xac CMakeFiles/slc.dir/base/e093ee322e82b9de90f2fb71086605a3/p/simpl1a11563c2e399/p/bootloader/platform/bootloader/parser/compression/btl_decompress_lzma.c.obj
                0x08000e2c                gbl_lzmaParseProgTag
 .text.gbl_lzmaNumBytesRequired
                0x08000ed8       0x1c CMakeFiles/slc.dir/base/e093ee322e82b9de90f2fb71086605a3/p/simpl1a11563c2e399/p/bootloader/platform/bootloader/parser/compression/btl_decompress_lzma.c.obj
                0x08000ed8                gbl_lzmaNumBytesRequired
 .text.gbl_lzmaExitProgTag
                0x08000ef4       0x50 CMakeFiles/slc.dir/base/e093ee322e82b9de90f2fb71086605a3/p/simpl1a11563c2e399/p/bootloader/platform/bootloader/parser/compression/btl_decompress_lzma.c.obj
                0x08000ef4                gbl_lzmaExitProgTag
 .text.LzmaDec_Allocate
                0x08000f44       0x94 CMakeFiles/slc.dir/base/C_/Users/alji/.silabs/slt/installs/conan/p/simpl1a11563c2e399/p/bootloader/platform/bootloader/parser/compression/lzma/LzmaDec.c.obj
                0x08000f44                LzmaDec_Allocate
 .text.gbl_isCustomTag
                0x08000fd8       0x1c CMakeFiles/slc.dir/base/C_/Users/alji/.silabs/slt/installs/conan/p/simpl1a11563c2e399/p/bootloader/platform/bootloader/parser/gbl/btl_gbl_custom_tags.c.obj
                0x08000fd8                gbl_isCustomTag
 .text.gbl_getCustomTagProperties
                0x08000ff4       0x30 CMakeFiles/slc.dir/base/C_/Users/alji/.silabs/slt/installs/conan/p/simpl1a11563c2e399/p/bootloader/platform/bootloader/parser/gbl/btl_gbl_custom_tags.c.obj
                0x08000ff4                gbl_getCustomTagProperties
 .text.gbl_getTagParsingInfoFromTagId
                0x08001024       0x24 CMakeFiles/slc.dir/base/C_/Users/alji/.silabs/slt/installs/conan/p/simpl1a11563c2e399/p/bootloader/platform/bootloader/parser/gbl/btl_gbl_format.c.obj
                0x08001024                gbl_getTagParsingInfoFromTagId
 .text.gbl_parseHeader
                0x08001048       0x7c CMakeFiles/slc.dir/base/C_/Users/alji/.silabs/slt/installs/conan/p/simpl1a11563c2e399/p/bootloader/platform/bootloader/parser/gbl/btl_gbl_parser.c.obj
 .text.gbl_writeProgData
                0x080010c4       0xa8 CMakeFiles/slc.dir/base/C_/Users/alji/.silabs/slt/installs/conan/p/simpl1a11563c2e399/p/bootloader/platform/bootloader/parser/gbl/btl_gbl_parser.c.obj
                0x080010c4                gbl_writeProgData
 .text.parser_init
                0x0800116c       0x74 CMakeFiles/slc.dir/base/C_/Users/alji/.silabs/slt/installs/conan/p/simpl1a11563c2e399/p/bootloader/platform/bootloader/parser/gbl/btl_gbl_parser.c.obj
                0x0800116c                parser_init
 .text.parser_parse
                0x080011e0      0x72c CMakeFiles/slc.dir/base/C_/Users/alji/.silabs/slt/installs/conan/p/simpl1a11563c2e399/p/bootloader/platform/bootloader/parser/gbl/btl_gbl_parser.c.obj
                0x080011e0                parser_parse
 .text.btl_crc32Stream
                0x0800190c       0x30 CMakeFiles/slc.dir/base/C_/Users/alji/.silabs/slt/installs/conan/p/simpl1a11563c2e399/p/bootloader/platform/bootloader/security/btl_crc32.c.obj
                0x0800190c                btl_crc32Stream
 .text.btl_initAesCcm
                0x0800193c       0x58 CMakeFiles/slc.dir/base/C_/Users/alji/.silabs/slt/installs/conan/p/simpl1a11563c2e399/p/bootloader/platform/bootloader/security/btl_security_aes.c.obj
                0x0800193c                btl_initAesCcm
 .text.btl_verifyEcdsaP256r1
                0x08001994      0x100 CMakeFiles/slc.dir/base/C_/Users/alji/.silabs/slt/installs/conan/p/simpl1a11563c2e399/p/bootloader/platform/bootloader/security/btl_security_ecdsa.c.obj
                0x08001994                btl_verifyEcdsaP256r1
 .text.btl_initSha256
                0x08001a94       0x20 CMakeFiles/slc.dir/base/C_/Users/alji/.silabs/slt/installs/conan/p/simpl1a11563c2e399/p/bootloader/platform/bootloader/security/btl_security_sha256.c.obj
                0x08001a94                btl_initSha256
 .text.btl_getSignedBootloaderKeyXPtr
                0x08001ab4       0x3c CMakeFiles/slc.dir/base/C_/Users/alji/.silabs/slt/installs/conan/p/simpl1a11563c2e399/p/bootloader/platform/bootloader/security/btl_security_tokens.c.obj
                0x08001ab4                btl_getSignedBootloaderKeyXPtr
 .text.btl_getSignedBootloaderKeyYPtr
                0x08001af0       0x3c CMakeFiles/slc.dir/base/C_/Users/alji/.silabs/slt/installs/conan/p/simpl1a11563c2e399/p/bootloader/platform/bootloader/security/btl_security_tokens.c.obj
                0x08001af0                btl_getSignedBootloaderKeyYPtr
 .text.btl_getImageFileEncryptionKeyPtr
                0x08001b2c        0x8 CMakeFiles/slc.dir/base/C_/Users/alji/.silabs/slt/installs/conan/p/simpl1a11563c2e399/p/bootloader/platform/bootloader/security/btl_security_tokens.c.obj
                0x08001b2c                btl_getImageFileEncryptionKeyPtr
 .text.sha_x_update
                0x08001b34       0xc0 CMakeFiles/slc.dir/base/C_/Users/alji/.silabs/slt/installs/conan/p/simpl1a11563c2e399/p/bootloader/platform/bootloader/security/sha/btl_sha256.c.obj
                0x08001b34                sha_x_update
 .text.sha_x_finish.part.0
                0x08001bf4       0x98 CMakeFiles/slc.dir/base/C_/Users/alji/.silabs/slt/installs/conan/p/simpl1a11563c2e399/p/bootloader/platform/bootloader/security/sha/btl_sha256.c.obj
 .text.sha_x_process
                0x08001c8c       0xac CMakeFiles/slc.dir/base/C_/Users/alji/.silabs/slt/installs/conan/p/simpl1a11563c2e399/p/bootloader/platform/bootloader/security/sha/se_sha.c.obj
                0x08001c8c                sha_x_process
 .text.installImageFromSlot.constprop.0
                0x08001d38       0xa4 CMakeFiles/slc.dir/base/C_/Users/alji/.silabs/slt/installs/conan/p/simpl1a11563c2e399/p/bootloader/platform/bootloader/storage/btl_storage.c.obj
 .text.storage_getSlotInfo
                0x08001ddc       0x30 CMakeFiles/slc.dir/base/C_/Users/alji/.silabs/slt/installs/conan/p/simpl1a11563c2e399/p/bootloader/platform/bootloader/storage/btl_storage_library.c.obj
                0x08001ddc                storage_getSlotInfo
 .text.storage_readSlot
                0x08001e0c       0x44 CMakeFiles/slc.dir/base/C_/Users/alji/.silabs/slt/installs/conan/p/simpl1a11563c2e399/p/bootloader/platform/bootloader/storage/btl_storage_library.c.obj
                0x08001e0c                storage_readSlot
 .text.storage_getSlotMetadata
                0x08001e50       0x8c CMakeFiles/slc.dir/base/C_/Users/alji/.silabs/slt/installs/conan/p/simpl1a11563c2e399/p/bootloader/platform/bootloader/storage/btl_storage_library.c.obj
                0x08001e50                storage_getSlotMetadata
 .text.storage_writeSlot
                0x08001edc       0x44 CMakeFiles/slc.dir/base/C_/Users/alji/.silabs/slt/installs/conan/p/simpl1a11563c2e399/p/bootloader/platform/bootloader/storage/btl_storage_library.c.obj
                0x08001edc                storage_writeSlot
 .text.storage_eraseSlot
                0x08001f20       0x24 CMakeFiles/slc.dir/base/C_/Users/alji/.silabs/slt/installs/conan/p/simpl1a11563c2e399/p/bootloader/platform/bootloader/storage/btl_storage_library.c.obj
                0x08001f20                storage_eraseSlot
 .text.storage_getInfo
                0x08001f44       0x44 CMakeFiles/slc.dir/base/C_/Users/alji/.silabs/slt/installs/conan/p/simpl1a11563c2e399/p/bootloader/platform/bootloader/storage/btl_storage_library.c.obj
                0x08001f44                storage_getInfo
 .text.storage_upgradeSeFromSlot
                0x08001f88       0x3c CMakeFiles/slc.dir/base/C_/Users/alji/.silabs/slt/installs/conan/p/simpl1a11563c2e399/p/bootloader/platform/bootloader/storage/btl_storage_library.c.obj
                0x08001f88                storage_upgradeSeFromSlot
 .text.storage_bootloadBootloaderFromSlot
                0x08001fc4       0x48 CMakeFiles/slc.dir/base/C_/Users/alji/.silabs/slt/installs/conan/p/simpl1a11563c2e399/p/bootloader/platform/bootloader/storage/btl_storage_library.c.obj
                0x08001fc4                storage_bootloadBootloaderFromSlot
 .text.storage_bootloadApplicationFromSlot
                0x0800200c       0x3c CMakeFiles/slc.dir/base/C_/Users/alji/.silabs/slt/installs/conan/p/simpl1a11563c2e399/p/bootloader/platform/bootloader/storage/btl_storage_library.c.obj
                0x0800200c                storage_bootloadApplicationFromSlot
 .text.getDeviceInfo
                0x08002048       0x70 CMakeFiles/slc.dir/base/e093ee322e82b9de90f2fb71086605a3/p/simpl1a11563c2e399/p/bootloader/platform/bootloader/storage/spiflash/btl_storage_spiflash.c.obj
                0x08002048                getDeviceInfo
 .text.spiflashVerifyAddressRange
                0x080020b8       0x4c CMakeFiles/slc.dir/base/e093ee322e82b9de90f2fb71086605a3/p/simpl1a11563c2e399/p/bootloader/platform/bootloader/storage/spiflash/btl_storage_spiflash.c.obj
 .text.storage_eraseRaw
                0x08002104       0xc4 CMakeFiles/slc.dir/base/e093ee322e82b9de90f2fb71086605a3/p/simpl1a11563c2e399/p/bootloader/platform/bootloader/storage/spiflash/btl_storage_spiflash.c.obj
                0x08002104                storage_eraseRaw
 .text.Copy_Table
                0x080021c8       0x24 CMakeFiles/slc.dir/base/e093ee322e82b9de90f2fb71086605a3/p/simpl1a11563c2e399/p/devices/platform/Device/SiliconLabs/EFR32MG26/Source/startup_efr32mg26.c.obj
                0x080021c8                Copy_Table
 .text.Zero_Table
                0x080021ec       0x1c CMakeFiles/slc.dir/base/e093ee322e82b9de90f2fb71086605a3/p/simpl1a11563c2e399/p/devices/platform/Device/SiliconLabs/EFR32MG26/Source/startup_efr32mg26.c.obj
                0x080021ec                Zero_Table
 .text.CopyToRam
                0x08002208       0x1c CMakeFiles/slc.dir/base/e093ee322e82b9de90f2fb71086605a3/p/simpl1a11563c2e399/p/devices/platform/Device/SiliconLabs/EFR32MG26/Source/startup_efr32mg26.c.obj
                0x08002208                CopyToRam
 .text.SystemInit
                0x08002224       0x1c CMakeFiles/slc.dir/base/e093ee322e82b9de90f2fb71086605a3/p/simpl1a11563c2e399/p/devices/platform/Device/SiliconLabs/EFR32MG26/Source/system_efr32mg26.c.obj
                0x08002224                SystemInit
 .text.CMU_ClockEnable
                0x08002240       0x2c CMakeFiles/slc.dir/base/C_/Users/alji/.silabs/slt/installs/conan/p/simpl1a11563c2e399/p/platform_core/platform/emlib/src/em_cmu.c.obj
                0x08002240                CMU_ClockEnable
 .text.GPIO_PinModeSet
                0x0800226c       0x8c CMakeFiles/slc.dir/base/C_/Users/alji/.silabs/slt/installs/conan/p/simpl1a11563c2e399/p/platform_core/platform/emlib/src/em_gpio.c.obj
                0x0800226c                GPIO_PinModeSet
 .text.mscStatusWait
                0x080022f8       0x54 CMakeFiles/slc.dir/base/C_/Users/alji/.silabs/slt/installs/conan/p/simpl1a11563c2e399/p/platform_core/platform/emlib/src/em_msc.c.obj
                0x080022f8                mscStatusWait
 .text.MSC_ErasePage
                0x0800234c       0x50 CMakeFiles/slc.dir/base/C_/Users/alji/.silabs/slt/installs/conan/p/simpl1a11563c2e399/p/platform_core/platform/emlib/src/em_msc.c.obj
                0x0800234c                MSC_ErasePage
 .text.MSC_WriteWordDma
                0x0800239c       0xe8 CMakeFiles/slc.dir/base/C_/Users/alji/.silabs/slt/installs/conan/p/simpl1a11563c2e399/p/platform_core/platform/emlib/src/em_msc.c.obj
                0x0800239c                MSC_WriteWordDma
 .text.mbedtls_aes_crypt_ecb
                0x08002484       0xe8 CMakeFiles/slc.dir/base/b23c506a6d26f93f6e1143118e1579d1/p/security_mbedtls/platform/security/sl_component/sl_mbedtls_support/src/se_aes.c.obj
                0x08002484                mbedtls_aes_crypt_ecb
 .text.mbedtls_aes_crypt_ctr
                0x0800256c      0x1c8 CMakeFiles/slc.dir/base/b23c506a6d26f93f6e1143118e1579d1/p/security_mbedtls/platform/security/sl_component/sl_mbedtls_support/src/se_aes.c.obj
                0x0800256c                mbedtls_aes_crypt_ctr
 .text.sl_se_read_pubkey
                0x08002734       0x70 CMakeFiles/slc.dir/base/b23c506a6d26f93f6e1143118e1579d1/p/security_se_manager/platform/security/sl_component/se_manager/src/sl_se_manager_util.c.obj
                0x08002734                sl_se_read_pubkey
 .text.flashData
                0x080027a4       0x40 CMakeFiles/slc.dir/base/C_/Users/alji/.silabs/slt/installs/conan/p/simpl1a11563c2e399/p/bootloader/platform/bootloader/core/btl_bootload.c.obj
 .text.bootload_applicationCallback
                0x080027e4       0x22 CMakeFiles/slc.dir/base/C_/Users/alji/.silabs/slt/installs/conan/p/simpl1a11563c2e399/p/bootloader/platform/bootloader/core/btl_bootload.c.obj
                0x080027e4                bootload_applicationCallback
 .text.bootload_checkApplicationPropertiesVersion
                0x08002806        0xe CMakeFiles/slc.dir/base/C_/Users/alji/.silabs/slt/installs/conan/p/simpl1a11563c2e399/p/bootloader/platform/bootloader/core/btl_bootload.c.obj
                0x08002806                bootload_checkApplicationPropertiesVersion
 .text.bootload_checkSeUpgradeVersion
                0x08002814       0x20 CMakeFiles/slc.dir/base/C_/Users/alji/.silabs/slt/installs/conan/p/simpl1a11563c2e399/p/bootloader/platform/bootloader/core/btl_bootload.c.obj
                0x08002814                bootload_checkSeUpgradeVersion
 .text.btl_init
                0x08002834        0x4 CMakeFiles/slc.dir/base/C_/Users/alji/.silabs/slt/installs/conan/p/simpl1a11563c2e399/p/bootloader/platform/bootloader/core/btl_core.c.obj
                0x08002834                btl_init
 .text.btl_deinit
                0x08002838        0x4 CMakeFiles/slc.dir/base/C_/Users/alji/.silabs/slt/installs/conan/p/simpl1a11563c2e399/p/bootloader/platform/bootloader/core/btl_core.c.obj
                0x08002838                btl_deinit
 .text.bootToApp
                0x0800283c       0x14 CMakeFiles/slc.dir/base/C_/Users/alji/.silabs/slt/installs/conan/p/simpl1a11563c2e399/p/bootloader/platform/bootloader/core/btl_main.c.obj
 .text.btl_getPeripheralList
                0x08002850       0x62 CMakeFiles/slc.dir/base/C_/Users/alji/.silabs/slt/installs/conan/p/simpl1a11563c2e399/p/bootloader/platform/bootloader/core/btl_main.c.obj
 .text.HardFault_Handler
                0x080028b2        0x8 CMakeFiles/slc.dir/base/C_/Users/alji/.silabs/slt/installs/conan/p/simpl1a11563c2e399/p/bootloader/platform/bootloader/core/btl_main.c.obj
                0x080028b2                HardFault_Handler
 .text.startup.main
                0x080028ba       0x7a CMakeFiles/slc.dir/base/C_/Users/alji/.silabs/slt/installs/conan/p/simpl1a11563c2e399/p/bootloader/platform/bootloader/core/btl_main.c.obj
                0x080028ba                main
 .text.core_initParser
                0x08002934       0x30 CMakeFiles/slc.dir/base/C_/Users/alji/.silabs/slt/installs/conan/p/simpl1a11563c2e399/p/bootloader/platform/bootloader/core/btl_parse.c.obj
                0x08002934                core_initParser
 .text.core_parseBuffer
                0x08002964       0x30 CMakeFiles/slc.dir/base/C_/Users/alji/.silabs/slt/installs/conan/p/simpl1a11563c2e399/p/bootloader/platform/bootloader/core/btl_parse.c.obj
                0x08002964                core_parseBuffer
 .text.core_parseImageInfo
                0x08002994       0x76 CMakeFiles/slc.dir/base/C_/Users/alji/.silabs/slt/installs/conan/p/simpl1a11563c2e399/p/bootloader/platform/bootloader/core/btl_parse.c.obj
                0x08002994                core_parseImageInfo
 .text.core_parserContextSize
                0x08002a0a        0x6 CMakeFiles/slc.dir/base/C_/Users/alji/.silabs/slt/installs/conan/p/simpl1a11563c2e399/p/bootloader/platform/bootloader/core/btl_parse.c.obj
                0x08002a0a                core_parserContextSize
 .text.spi_getUsartPPUSATD
                0x08002a10        0x8 CMakeFiles/slc.dir/base/e093ee322e82b9de90f2fb71086605a3/p/simpl1a11563c2e399/p/bootloader/platform/bootloader/driver/btl_driver_spi_controller_usart.c.obj
                0x08002a10                spi_getUsartPPUSATD
 .text.lz4_init
                0x08002a18       0x1c CMakeFiles/slc.dir/base/e093ee322e82b9de90f2fb71086605a3/p/simpl1a11563c2e399/p/bootloader/platform/bootloader/parser/compression/btl_decompress_lz4.c.obj
                0x08002a18                lz4_init
 .text.lz4_decompress
                0x08002a34      0x10e CMakeFiles/slc.dir/base/e093ee322e82b9de90f2fb71086605a3/p/simpl1a11563c2e399/p/bootloader/platform/bootloader/parser/compression/btl_decompress_lz4.c.obj
                0x08002a34                lz4_decompress
 .text.LzmaDec_WriteRem
                0x08002b42       0x54 CMakeFiles/slc.dir/base/C_/Users/alji/.silabs/slt/installs/conan/p/simpl1a11563c2e399/p/bootloader/platform/bootloader/parser/compression/lzma/LzmaDec.c.obj
 .text.LzmaDec_DecodeReal2
                0x08002b96      0x8c2 CMakeFiles/slc.dir/base/C_/Users/alji/.silabs/slt/installs/conan/p/simpl1a11563c2e399/p/bootloader/platform/bootloader/parser/compression/lzma/LzmaDec.c.obj
 .text.LzmaDec_TryDummy
                0x08003458      0x3ee CMakeFiles/slc.dir/base/C_/Users/alji/.silabs/slt/installs/conan/p/simpl1a11563c2e399/p/bootloader/platform/bootloader/parser/compression/lzma/LzmaDec.c.obj
 .text.LzmaDec_Init
                0x08003846       0x14 CMakeFiles/slc.dir/base/C_/Users/alji/.silabs/slt/installs/conan/p/simpl1a11563c2e399/p/bootloader/platform/bootloader/parser/compression/lzma/LzmaDec.c.obj
                0x08003846                LzmaDec_Init
 .text.LzmaDec_DecodeToDic
                0x0800385a      0x204 CMakeFiles/slc.dir/base/C_/Users/alji/.silabs/slt/installs/conan/p/simpl1a11563c2e399/p/bootloader/platform/bootloader/parser/compression/lzma/LzmaDec.c.obj
                0x0800385a                LzmaDec_DecodeToDic
 .text.LzmaDec_DecodeToBuf
                0x08003a5e       0xa6 CMakeFiles/slc.dir/base/C_/Users/alji/.silabs/slt/installs/conan/p/simpl1a11563c2e399/p/bootloader/platform/bootloader/parser/compression/lzma/LzmaDec.c.obj
                0x08003a5e                LzmaDec_DecodeToBuf
 .text.LzmaDec_FreeProbs
                0x08003b04       0x12 CMakeFiles/slc.dir/base/C_/Users/alji/.silabs/slt/installs/conan/p/simpl1a11563c2e399/p/bootloader/platform/bootloader/parser/compression/lzma/LzmaDec.c.obj
                0x08003b04                LzmaDec_FreeProbs
 .text.LzmaDec_AllocateProbs2
                0x08003b16       0x42 CMakeFiles/slc.dir/base/C_/Users/alji/.silabs/slt/installs/conan/p/simpl1a11563c2e399/p/bootloader/platform/bootloader/parser/compression/lzma/LzmaDec.c.obj
 .text.LzmaDec_Free
                0x08003b58       0x18 CMakeFiles/slc.dir/base/C_/Users/alji/.silabs/slt/installs/conan/p/simpl1a11563c2e399/p/bootloader/platform/bootloader/parser/compression/lzma/LzmaDec.c.obj
                0x08003b58                LzmaDec_Free
 .text.LzmaProps_Decode
                0x08003b70       0x44 CMakeFiles/slc.dir/base/C_/Users/alji/.silabs/slt/installs/conan/p/simpl1a11563c2e399/p/bootloader/platform/bootloader/parser/compression/lzma/LzmaDec.c.obj
                0x08003b70                LzmaProps_Decode
 .text.gbl_storeData
                0x08003bb4       0x40 CMakeFiles/slc.dir/base/C_/Users/alji/.silabs/slt/installs/conan/p/simpl1a11563c2e399/p/bootloader/platform/bootloader/parser/gbl/btl_gbl_parser.c.obj
 .text.gbl_getData
                0x08003bf4      0x108 CMakeFiles/slc.dir/base/C_/Users/alji/.silabs/slt/installs/conan/p/simpl1a11563c2e399/p/bootloader/platform/bootloader/parser/gbl/btl_gbl_parser.c.obj
 .text.btl_processAesCtrData
                0x08003cfc       0x22 CMakeFiles/slc.dir/base/C_/Users/alji/.silabs/slt/installs/conan/p/simpl1a11563c2e399/p/bootloader/platform/bootloader/security/btl_security_aes.c.obj
                0x08003cfc                btl_processAesCtrData
 .text.btl_updateSha256
                0x08003d1e        0x4 CMakeFiles/slc.dir/base/C_/Users/alji/.silabs/slt/installs/conan/p/simpl1a11563c2e399/p/bootloader/platform/bootloader/security/btl_security_sha256.c.obj
                0x08003d1e                btl_updateSha256
 .text.btl_finalizeSha256
                0x08003d22        0x6 CMakeFiles/slc.dir/base/C_/Users/alji/.silabs/slt/installs/conan/p/simpl1a11563c2e399/p/bootloader/platform/bootloader/security/btl_security_sha256.c.obj
                0x08003d22                btl_finalizeSha256
 .text.btl_sha256_init
                0x08003d28        0x8 CMakeFiles/slc.dir/base/C_/Users/alji/.silabs/slt/installs/conan/p/simpl1a11563c2e399/p/bootloader/platform/bootloader/security/sha/btl_sha256.c.obj
                0x08003d28                btl_sha256_init
 .text.btl_sha256_starts_ret
                0x08003d30        0xa CMakeFiles/slc.dir/base/C_/Users/alji/.silabs/slt/installs/conan/p/simpl1a11563c2e399/p/bootloader/platform/bootloader/security/sha/btl_sha256.c.obj
                0x08003d30                btl_sha256_starts_ret
 .text.btl_sha256_update_ret
                0x08003d3a       0x1a CMakeFiles/slc.dir/base/C_/Users/alji/.silabs/slt/installs/conan/p/simpl1a11563c2e399/p/bootloader/platform/bootloader/security/sha/btl_sha256.c.obj
                0x08003d3a                btl_sha256_update_ret
 .text.btl_sha256_finish_ret
                0x08003d54       0x14 CMakeFiles/slc.dir/base/C_/Users/alji/.silabs/slt/installs/conan/p/simpl1a11563c2e399/p/bootloader/platform/bootloader/security/sha/btl_sha256.c.obj
                0x08003d54                btl_sha256_finish_ret
 .text.storage_getBootloadList
                0x08003d68       0x1a CMakeFiles/slc.dir/base/b23c506a6d26f93f6e1143118e1579d1/p/bootloader/platform/bootloader/storage/bootloadinfo/btl_storage_bootloadinfo_single.c.obj
                0x08003d68                storage_getBootloadList
 .text.storage_setBootloadList
                0x08003d82       0x10 CMakeFiles/slc.dir/base/b23c506a6d26f93f6e1143118e1579d1/p/bootloader/platform/bootloader/storage/bootloadinfo/btl_storage_bootloadinfo_single.c.obj
                0x08003d82                storage_setBootloadList
 .text.storage_appendBootloadList
                0x08003d92        0x6 CMakeFiles/slc.dir/base/b23c506a6d26f93f6e1143118e1579d1/p/bootloader/platform/bootloader/storage/bootloadinfo/btl_storage_bootloadinfo_single.c.obj
                0x08003d92                storage_appendBootloadList
 .text.storage_customInit
                0x08003d98        0x2 CMakeFiles/slc.dir/base/C_/Users/alji/.silabs/slt/installs/conan/p/simpl1a11563c2e399/p/bootloader/platform/bootloader/storage/btl_callbacks_stub.c.obj
                0x08003d98                storage_customInit
 .text.storage_customShutdown
                0x08003d9a        0x2 CMakeFiles/slc.dir/base/C_/Users/alji/.silabs/slt/installs/conan/p/simpl1a11563c2e399/p/bootloader/platform/bootloader/storage/btl_callbacks_stub.c.obj
                0x08003d9a                storage_customShutdown
 .text.storage_main
                0x08003d9c        0x4 CMakeFiles/slc.dir/base/C_/Users/alji/.silabs/slt/installs/conan/p/simpl1a11563c2e399/p/bootloader/platform/bootloader/storage/btl_storage.c.obj
                0x08003d9c                storage_main
 .text.dummyCallback
                0x08003da0        0x6 CMakeFiles/slc.dir/base/C_/Users/alji/.silabs/slt/installs/conan/p/simpl1a11563c2e399/p/bootloader/platform/bootloader/storage/btl_storage_library.c.obj
 .text.advanceParser
                0x08003da6       0x3a CMakeFiles/slc.dir/base/C_/Users/alji/.silabs/slt/installs/conan/p/simpl1a11563c2e399/p/bootloader/platform/bootloader/storage/btl_storage_library.c.obj
 .text.storage_verifySlot
                0x08003de0       0x52 CMakeFiles/slc.dir/base/C_/Users/alji/.silabs/slt/installs/conan/p/simpl1a11563c2e399/p/bootloader/platform/bootloader/storage/btl_storage_library.c.obj
                0x08003de0                storage_verifySlot
 .text.storage_initParseSlot
                0x08003e32       0x2e CMakeFiles/slc.dir/base/C_/Users/alji/.silabs/slt/installs/conan/p/simpl1a11563c2e399/p/bootloader/platform/bootloader/storage/btl_storage_library.c.obj
                0x08003e32                storage_initParseSlot
 .text.bootloadFromSlot.constprop.0
                0x08003e60       0x38 CMakeFiles/slc.dir/base/C_/Users/alji/.silabs/slt/installs/conan/p/simpl1a11563c2e399/p/bootloader/platform/bootloader/storage/btl_storage_library.c.obj
 .text.getDeviceType
                0x08003e98       0x62 CMakeFiles/slc.dir/base/e093ee322e82b9de90f2fb71086605a3/p/simpl1a11563c2e399/p/bootloader/platform/bootloader/storage/spiflash/btl_storage_spiflash.c.obj
 .text.setWriteEnableLatch
                0x08003efa       0x14 CMakeFiles/slc.dir/base/e093ee322e82b9de90f2fb71086605a3/p/simpl1a11563c2e399/p/bootloader/platform/bootloader/storage/spiflash/btl_storage_spiflash.c.obj
 .text.storage_init
                0x08003f0e       0x38 CMakeFiles/slc.dir/base/e093ee322e82b9de90f2fb71086605a3/p/simpl1a11563c2e399/p/bootloader/platform/bootloader/storage/spiflash/btl_storage_spiflash.c.obj
                0x08003f0e                storage_init
 .text.storage_isBusy
                0x08003f46       0x1c CMakeFiles/slc.dir/base/e093ee322e82b9de90f2fb71086605a3/p/simpl1a11563c2e399/p/bootloader/platform/bootloader/storage/spiflash/btl_storage_spiflash.c.obj
                0x08003f46                storage_isBusy
 .text.waitUntilNotBusy
                0x08003f62        0xc CMakeFiles/slc.dir/base/e093ee322e82b9de90f2fb71086605a3/p/simpl1a11563c2e399/p/bootloader/platform/bootloader/storage/spiflash/btl_storage_spiflash.c.obj
 .text.eraseCommand
                0x08003f6e       0x26 CMakeFiles/slc.dir/base/e093ee322e82b9de90f2fb71086605a3/p/simpl1a11563c2e399/p/bootloader/platform/bootloader/storage/spiflash/btl_storage_spiflash.c.obj
 .text.storage_readRaw
                0x08003f94       0x44 CMakeFiles/slc.dir/base/e093ee322e82b9de90f2fb71086605a3/p/simpl1a11563c2e399/p/bootloader/platform/bootloader/storage/spiflash/btl_storage_spiflash.c.obj
                0x08003f94                storage_readRaw
 .text.storage_writeRaw
                0x08003fd8       0xaa CMakeFiles/slc.dir/base/e093ee322e82b9de90f2fb71086605a3/p/simpl1a11563c2e399/p/bootloader/platform/bootloader/storage/spiflash/btl_storage_spiflash.c.obj
                0x08003fd8                storage_writeRaw
 .text.storage_getDMAchannel
                0x08004082        0x6 CMakeFiles/slc.dir/base/e093ee322e82b9de90f2fb71086605a3/p/simpl1a11563c2e399/p/bootloader/platform/bootloader/storage/spiflash/btl_storage_spiflash.c.obj
                0x08004082                storage_getDMAchannel
 .text.storage_getSpiUsartPPUSATD
                0x08004088        0x4 CMakeFiles/slc.dir/base/e093ee322e82b9de90f2fb71086605a3/p/simpl1a11563c2e399/p/bootloader/platform/bootloader/storage/spiflash/btl_storage_spiflash.c.obj
                0x08004088                storage_getSpiUsartPPUSATD
 .text.storage_shutdown
                0x0800408c       0x1c CMakeFiles/slc.dir/base/e093ee322e82b9de90f2fb71086605a3/p/simpl1a11563c2e399/p/bootloader/platform/bootloader/storage/spiflash/btl_storage_spiflash.c.obj
                0x0800408c                storage_shutdown
 .text.Default_Handler
                0x080040a8        0x2 CMakeFiles/slc.dir/base/e093ee322e82b9de90f2fb71086605a3/p/simpl1a11563c2e399/p/devices/platform/Device/SiliconLabs/EFR32MG26/Source/startup_efr32mg26.c.obj
                0x080040a8                ULFRCO_IRQHandler
                0x080040a8                AHB2AHB1_IRQHandler
                0x080040a8                SW2_IRQHandler
                0x080040a8                TIMER2_IRQHandler
                0x080040a8                DebugMon_Handler
                0x080040a8                TIMER5_IRQHandler
                0x080040a8                USART0_TX_IRQHandler
                0x080040a8                IADC_IRQHandler
                0x080040a8                EUSART0_TX_IRQHandler
                0x080040a8                I2C0_IRQHandler
                0x080040a8                LFXO_IRQHandler
                0x080040a8                SMU_SECURE_IRQHandler
                0x080040a8                SysTick_Handler
                0x080040a8                SYSRTC_SEQ_IRQHandler
                0x080040a8                USART1_RX_IRQHandler
                0x080040a8                EMUEFP_IRQHandler
                0x080040a8                TIMER7_IRQHandler
                0x080040a8                EUSART2_TX_IRQHandler
                0x080040a8                PendSV_Handler
                0x080040a8                NMI_Handler
                0x080040a8                SYNTH_IRQHandler
                0x080040a8                HOSTMAILBOX_IRQHandler
                0x080040a8                HFXO0_IRQHandler
                0x080040a8                I2C1_IRQHandler
                0x080040a8                EUSART3_TX_IRQHandler
                0x080040a8                WDOG0_IRQHandler
                0x080040a8                TIMER3_IRQHandler
                0x080040a8                SYSCFG_IRQHandler
                0x080040a8                RFECA1_IRQHandler
                0x080040a8                EMUDG_IRQHandler
                0x080040a8                USART1_TX_IRQHandler
                0x080040a8                MSC_IRQHandler
                0x080040a8                DPLL0_IRQHandler
                0x080040a8                TIMER8_IRQHandler
                0x080040a8                UsageFault_Handler
                0x080040a8                WDOG1_IRQHandler
                0x080040a8                M33CTI1_IRQHandler
                0x080040a8                TIMER4_IRQHandler
                0x080040a8                GPIO_EVEN_IRQHandler
                0x080040a8                TIMER9_IRQHandler
                0x080040a8                VDAC0_IRQHandler
                0x080040a8                LDMA_IRQHandler
                0x080040a8                TIMER6_IRQHandler
                0x080040a8                SEMBTX_IRQHandler
                0x080040a8                I2C2_IRQHandler
                0x080040a8                SW0_IRQHandler
                0x080040a8                TIMER0_IRQHandler
                0x080040a8                LCD_IRQHandler
                0x080040a8                MVP_IRQHandler
                0x080040a8                LETIMER0_IRQHandler
                0x080040a8                EUSART1_RX_IRQHandler
                0x080040a8                TIMER1_IRQHandler
                0x080040a8                HFRCO0_IRQHandler
                0x080040a8                SecureFault_Handler
                0x080040a8                BUFC_IRQHandler
                0x080040a8                DCDC_IRQHandler
                0x080040a8                MODEM_IRQHandler
                0x080040a8                USART2_RX_IRQHandler
                0x080040a8                Default_Handler
                0x080040a8                RAC_SEQ_IRQHandler
                0x080040a8                FRC_PRI_IRQHandler
                0x080040a8                EMU_IRQHandler
                0x080040a8                SW3_IRQHandler
                0x080040a8                KERNEL0_IRQHandler
                0x080040a8                FRC_IRQHandler
                0x080040a8                PCNT0_IRQHandler
                0x080040a8                KERNEL1_IRQHandler
                0x080040a8                AGC_IRQHandler
                0x080040a8                EUSART1_TX_IRQHandler
                0x080040a8                KEYSCAN_IRQHandler
                0x080040a8                HFRCOEM23_IRQHandler
                0x080040a8                BURTC_IRQHandler
                0x080040a8                SEMBRX_IRQHandler
                0x080040a8                RFECA0_IRQHandler
                0x080040a8                LFRCO_IRQHandler
                0x080040a8                I2C3_IRQHandler
                0x080040a8                VDAC1_IRQHandler
                0x080040a8                ACMP0_IRQHandler
                0x080040a8                USART0_RX_IRQHandler
                0x080040a8                MemManage_Handler
                0x080040a8                MPAHBRAM0_IRQHandler
                0x080040a8                AHB2AHB0_IRQHandler
                0x080040a8                SVC_Handler
                0x080040a8                EUSART3_RX_IRQHandler
                0x080040a8                EUSART2_RX_IRQHandler
                0x080040a8                SMU_S_PRIVILEGED_IRQHandler
                0x080040a8                SW1_IRQHandler
                0x080040a8                CMU_IRQHandler
                0x080040a8                EUSART0_RX_IRQHandler
                0x080040a8                RAC_RSM_IRQHandler
                0x080040a8                SETAMPERHOST_IRQHandler
                0x080040a8                GPIO_ODD_IRQHandler
                0x080040a8                AES_IRQHandler
                0x080040a8                M33CTI0_IRQHandler
                0x080040a8                ICACHE0_IRQHandler
                0x080040a8                SMU_NS_PRIVILEGED_IRQHandler
                0x080040a8                FPUEXH_IRQHandler
                0x080040a8                PROTIMER_IRQHandler
                0x080040a8                ACMP1_IRQHandler
                0x080040a8                BusFault_Handler
                0x080040a8                USART2_TX_IRQHandler
                0x080040a8                MPAHBRAM1_IRQHandler
                0x080040a8                SYSRTC_APP_IRQHandler
 .text.CopyMemory
                0x080040aa       0x1a CMakeFiles/slc.dir/base/e093ee322e82b9de90f2fb71086605a3/p/simpl1a11563c2e399/p/devices/platform/Device/SiliconLabs/EFR32MG26/Source/startup_efr32mg26.c.obj
                0x080040aa                CopyMemory
 .text.BUS_RegMaskedWrite
                0x080040c4       0x1e CMakeFiles/slc.dir/base/C_/Users/alji/.silabs/slt/installs/conan/p/simpl1a11563c2e399/p/platform_core/platform/emlib/src/em_gpio.c.obj
 .text.USART_Rx
                0x080040e2        0xc CMakeFiles/slc.dir/base/C_/Users/alji/.silabs/slt/installs/conan/p/simpl1a11563c2e399/p/platform_core/platform/emlib/src/em_usart.c.obj
                0x080040e2                USART_Rx
 .text.USART_SpiTransfer
                0x080040ee       0x14 CMakeFiles/slc.dir/base/C_/Users/alji/.silabs/slt/installs/conan/p/simpl1a11563c2e399/p/platform_core/platform/emlib/src/em_usart.c.obj
                0x080040ee                USART_SpiTransfer
 .text.USART_Tx
                0x08004102        0xa CMakeFiles/slc.dir/base/C_/Users/alji/.silabs/slt/installs/conan/p/simpl1a11563c2e399/p/platform_core/platform/emlib/src/em_usart.c.obj
                0x08004102                USART_Tx
 .text.mbedtls_aes_init
                0x0800410c        0x8 CMakeFiles/slc.dir/base/b23c506a6d26f93f6e1143118e1579d1/p/security_mbedtls/platform/security/sl_component/sl_mbedtls_support/src/se_aes.c.obj
                0x0800410c                mbedtls_aes_init
 .text.mbedtls_aes_setkey_enc
                0x08004114       0x36 CMakeFiles/slc.dir/base/b23c506a6d26f93f6e1143118e1579d1/p/security_mbedtls/platform/security/sl_component/sl_mbedtls_support/src/se_aes.c.obj
                0x08004114                mbedtls_aes_setkey_enc
 .text.sli_se_mailbox_command_add_input
                0x0800414a       0x14 CMakeFiles/slc.dir/base/b23c506a6d26f93f6e1143118e1579d1/p/security_se_manager/platform/security/sl_component/se_manager/src/sli_se_manager_mailbox.c.obj
                0x0800414a                sli_se_mailbox_command_add_input
 .text.memcmp   0x0800415e       0x20 C:/arm-gnu-toolchain-14.2.rel1-mingw-w64-i686-arm-none-eabi/bin/../lib/gcc/arm-none-eabi/14.2.1/thumb/v8-m.main+fp/hard\libc_nano.a(libc_a-memcmp.o)
                0x0800415e                memcmp
 .text.memmove  0x0800417e       0x32 C:/arm-gnu-toolchain-14.2.rel1-mingw-w64-i686-arm-none-eabi/bin/../lib/gcc/arm-none-eabi/14.2.1/thumb/v8-m.main+fp/hard\libc_nano.a(libc_a-memmove.o)
                0x0800417e                memmove
 .text.memset   0x080041b0       0x10 C:/arm-gnu-toolchain-14.2.rel1-mingw-w64-i686-arm-none-eabi/bin/../lib/gcc/arm-none-eabi/14.2.1/thumb/v8-m.main+fp/hard\libc_nano.a(libc_a-memset.o)
                0x080041b0                memset
 .text.memcpy   0x080041c0       0x1a C:/arm-gnu-toolchain-14.2.rel1-mingw-w64-i686-arm-none-eabi/bin/../lib/gcc/arm-none-eabi/14.2.1/thumb/v8-m.main+fp/hard\libc_nano.a(libc_a-memcpy-stub.o)
                0x080041c0                memcpy
 *(SORT_BY_ALIGNMENT(text_*))
 *fill*         0x080041da        0x2 
 text_se_manager_timecritical18160
                0x080041dc       0x14 CMakeFiles/slc.dir/base/b23c506a6d26f93f6e1143118e1579d1/p/security_se_manager/platform/security/sl_component/se_manager/src/sl_se_manager.c.obj
                0x080041dc                sli_se_lock_acquire
 text_se_manager_timecritical19171
                0x080041f0       0x10 CMakeFiles/slc.dir/base/b23c506a6d26f93f6e1143118e1579d1/p/security_se_manager/platform/security/sl_component/se_manager/src/sl_se_manager.c.obj
                0x080041f0                sli_se_lock_release
 text_se_manager_timecritical20184
                0x08004200       0x44 CMakeFiles/slc.dir/base/b23c506a6d26f93f6e1143118e1579d1/p/security_se_manager/platform/security/sl_component/se_manager/src/sl_se_manager.c.obj
                0x08004200                sli_se_execute_and_wait
 text_se_manager_timecritical31533
                0x08004244       0x12 CMakeFiles/slc.dir/base/C_/Users/alji/.silabs/slt/installs/conan/p/simpl1a11563c2e399/p/bootloader/platform/bootloader/core/btl_bootload.c.obj
 text_core_timecritical2307
                0x08004256        0xa CMakeFiles/slc.dir/base/C_/Users/alji/.silabs/slt/installs/conan/p/simpl1a11563c2e399/p/platform_core/platform/common/src/sl_core_cortexm.c.obj
                0x08004256                CORE_ExitCritical
 text_core_timecritical4331
                0x08004260        0x8 CMakeFiles/slc.dir/base/C_/Users/alji/.silabs/slt/installs/conan/p/simpl1a11563c2e399/p/platform_core/platform/common/src/sl_core_cortexm.c.obj
                0x08004260                CORE_EnterCritical
 text_se_manager_timecritical17149
                0x08004268       0x60 CMakeFiles/slc.dir/base/b23c506a6d26f93f6e1143118e1579d1/p/security_se_manager/platform/security/sl_component/se_manager/src/sl_se_manager.c.obj
                0x08004268                sli_se_to_sl_status
 text_se_manager_timecritical13494
                0x080042c8       0x12 CMakeFiles/slc.dir/base/b23c506a6d26f93f6e1143118e1579d1/p/security_se_manager/platform/security/sl_component/se_manager/src/sli_se_manager_mailbox.c.obj
                0x080042c8                sli_se_mailbox_command_add_parameter
 text_se_manager_timecritical14511
                0x080042da       0x3a CMakeFiles/slc.dir/base/b23c506a6d26f93f6e1143118e1579d1/p/security_se_manager/platform/security/sl_component/se_manager/src/sli_se_manager_mailbox.c.obj
                0x080042da                sli_se_mailbox_execute_command
 text_se_manager_timecritical18224
                0x08004314       0x14 CMakeFiles/slc.dir/base/b23c506a6d26f93f6e1143118e1579d1/p/security_se_manager/platform/security/sl_component/se_manager/src/sli_se_manager_mailbox.c.obj
                0x08004314                sli_se_mailbox_command_add_output
                0x08004340                        . = ALIGN (0x20)
 *fill*         0x08004328       0x18 
                0x08004340                        linker_code_end = .
 *(.init)
 .init          0x08004340        0x4 C:/arm-gnu-toolchain-14.2.rel1-mingw-w64-i686-arm-none-eabi/bin/../lib/gcc/arm-none-eabi/14.2.1/thumb/v8-m.main+fp/hard/crti.o
                0x08004340                _init
 .init          0x08004344        0x8 C:/arm-gnu-toolchain-14.2.rel1-mingw-w64-i686-arm-none-eabi/bin/../lib/gcc/arm-none-eabi/14.2.1/thumb/v8-m.main+fp/hard/crtn.o
 *(.fini)
 .fini          0x0800434c        0x4 C:/arm-gnu-toolchain-14.2.rel1-mingw-w64-i686-arm-none-eabi/bin/../lib/gcc/arm-none-eabi/14.2.1/thumb/v8-m.main+fp/hard/crti.o
                0x0800434c                _fini
 .fini          0x08004350        0x8 C:/arm-gnu-toolchain-14.2.rel1-mingw-w64-i686-arm-none-eabi/bin/../lib/gcc/arm-none-eabi/14.2.1/thumb/v8-m.main+fp/hard/crtn.o
 *crtbegin.o(.ctors)
 *crtbegin?.o(.ctors)
 *(EXCLUDE_FILE(*crtend.o *crtend?.o) .ctors)
 *(SORT_BY_NAME(.ctors.*))
 *(.ctors)
 *crtbegin.o(.dtors)
 *crtbegin?.o(.dtors)
 *(EXCLUDE_FILE(*crtend.o *crtend?.o) .dtors)
 *(SORT_BY_NAME(.dtors.*))
 *(.dtors)
 *(.rodata*)
 .rodata.bootload_checkApplicationPropertiesMagic.str1.1
                0x08004358       0x11 CMakeFiles/slc.dir/base/C_/Users/alji/.silabs/slt/installs/conan/p/simpl1a11563c2e399/p/bootloader/platform/bootloader/core/btl_bootload.c.obj
 *fill*         0x08004369        0x3 
 .rodata.sl_app_properties
                0x0800436c       0x50 CMakeFiles/slc.dir/base/C_/Users/alji/.silabs/slt/installs/conan/p/simpl1a11563c2e399/p/bootloader/platform/bootloader/core/btl_main.c.obj
                0x0800436c                sl_app_properties
 .rodata.mainStageTable
                0x080043bc       0x48 CMakeFiles/slc.dir/base/C_/Users/alji/.silabs/slt/installs/conan/p/simpl1a11563c2e399/p/bootloader/platform/bootloader/core/btl_main.c.obj
                0x080043bc                mainStageTable
 .rodata        0x08004404       0x11 CMakeFiles/slc.dir/base/C_/Users/alji/.silabs/slt/installs/conan/p/simpl1a11563c2e399/p/bootloader/platform/bootloader/driver/btl_driver_util.c.obj
 *fill*         0x08004415        0x3 
 .rodata.gblCustomTags
                0x08004418       0x28 CMakeFiles/slc.dir/base/C_/Users/alji/.silabs/slt/installs/conan/p/simpl1a11563c2e399/p/bootloader/platform/bootloader/parser/gbl/btl_gbl_custom_tags.c.obj
                0x08004418                gblCustomTags
 .rodata.gblTagParsingInfoStructs
                0x08004440       0xa8 CMakeFiles/slc.dir/base/C_/Users/alji/.silabs/slt/installs/conan/p/simpl1a11563c2e399/p/bootloader/platform/bootloader/parser/gbl/btl_gbl_format.c.obj
                0x08004440                gblTagParsingInfoStructs
 .rodata.shax_padding
                0x080044e8       0x40 CMakeFiles/slc.dir/base/C_/Users/alji/.silabs/slt/installs/conan/p/simpl1a11563c2e399/p/bootloader/platform/bootloader/security/sha/btl_sha256.c.obj
 .rodata.init_state_sha256
                0x08004528       0x20 CMakeFiles/slc.dir/base/C_/Users/alji/.silabs/slt/installs/conan/p/simpl1a11563c2e399/p/bootloader/platform/bootloader/security/sha/btl_sha256.c.obj
 .rodata.storageFunctions
                0x08004548       0x44 CMakeFiles/slc.dir/base/C_/Users/alji/.silabs/slt/installs/conan/p/simpl1a11563c2e399/p/bootloader/platform/bootloader/storage/btl_storage_library.c.obj
                0x08004548                storageFunctions
 .rodata.CSWTCH.15
                0x0800458c       0x5c CMakeFiles/slc.dir/base/e093ee322e82b9de90f2fb71086605a3/p/simpl1a11563c2e399/p/bootloader/platform/bootloader/storage/spiflash/btl_storage_spiflash.c.obj
 .rodata.storageLayout
                0x080045e8       0x10 CMakeFiles/slc.dir/base/e093ee322e82b9de90f2fb71086605a3/p/simpl1a11563c2e399/p/bootloader/platform/bootloader/storage/spiflash/btl_storage_spiflash.c.obj
                0x080045e8                storageLayout
 .rodata.issi4MInfo
                0x080045f8       0x20 CMakeFiles/slc.dir/base/e093ee322e82b9de90f2fb71086605a3/p/simpl1a11563c2e399/p/bootloader/platform/bootloader/storage/spiflash/btl_storage_spiflash.c.obj
 .rodata.adesto4MInfo
                0x08004618       0x20 CMakeFiles/slc.dir/base/e093ee322e82b9de90f2fb71086605a3/p/simpl1a11563c2e399/p/bootloader/platform/bootloader/storage/spiflash/btl_storage_spiflash.c.obj
 .rodata.macronix32MLPInfo
                0x08004638       0x20 CMakeFiles/slc.dir/base/e093ee322e82b9de90f2fb71086605a3/p/simpl1a11563c2e399/p/bootloader/platform/bootloader/storage/spiflash/btl_storage_spiflash.c.obj
 .rodata.macronix8MLPInfo
                0x08004658       0x20 CMakeFiles/slc.dir/base/e093ee322e82b9de90f2fb71086605a3/p/simpl1a11563c2e399/p/bootloader/platform/bootloader/storage/spiflash/btl_storage_spiflash.c.obj
 *(.eh_frame*)
 .eh_frame      0x08004678        0x0 C:/arm-gnu-toolchain-14.2.rel1-mingw-w64-i686-arm-none-eabi/bin/../lib/gcc/arm-none-eabi/14.2.1/thumb/v8-m.main+fp/hard/crtbegin.o

.glue_7         0x08004678        0x0
 .glue_7        0x08004678        0x0 linker stubs

.glue_7t        0x08004678        0x0
 .glue_7t       0x08004678        0x0 linker stubs

.vfp11_veneer   0x08004678        0x0
 .vfp11_veneer  0x08004678        0x0 linker stubs

.v4_bx          0x08004678        0x0
 .v4_bx         0x08004678        0x0 linker stubs

.iplt           0x08004678        0x0
 .iplt          0x08004678        0x0 C:/arm-gnu-toolchain-14.2.rel1-mingw-w64-i686-arm-none-eabi/bin/../lib/gcc/arm-none-eabi/14.2.1/thumb/v8-m.main+fp/hard/crtbegin.o

.gnu.sgstubs    0x08004680        0x0
                0x08004680                        . = ALIGN (0x20)
                0x08004680                        linker_sg_begin = .
 *(.gnu.sgstubs*)
                0x08004680                        . = ALIGN (0x20)
                0x08004680                        linker_sg_end = (linker_sg_begin + SIZEOF (.gnu.sgstubs))

.ARM.extab
 *(.ARM.extab* .gnu.linkonce.armextab.*)
                0x08004680                        __exidx_start = .

.ARM.exidx
 *(.ARM.exidx* .gnu.linkonce.armexidx.*)
                0x08004680                        __exidx_end = .

.copy.table     0x08004678        0xc
                0x08004678                        . = ALIGN (0x4)
                0x08004678                        __copy_table_start__ = .
                0x08004678        0x4 LONG 0x8004684 __etext
                0x0800467c        0x4 LONG 0x20005dcc __data_start__
                0x08004680        0x4 LONG 0x4 ((__data_end__ - __data_start__) / 0x4)
                0x08004684                        __copy_table_end__ = .

.rel.dyn        0x08004684        0x0
 .rel.iplt      0x08004684        0x0 C:/arm-gnu-toolchain-14.2.rel1-mingw-w64-i686-arm-none-eabi/bin/../lib/gcc/arm-none-eabi/14.2.1/thumb/v8-m.main+fp/hard/crtbegin.o

.zero.table     0x08004684        0x0
                0x08004684                        . = ALIGN (0x4)
                0x08004684                        __zero_table_start__ = .
                0x08004684                        __zero_table_end__ = .
                0x08004684                        __etext = .

.data           0x20005dcc       0x10 load address 0x08004684
                0x20005dcc                        . = ALIGN (0x4)
                0x20005dcc                        __data_start__ = .
 *(vtable)
 *(SORT_BY_ALIGNMENT(.data*))
 .data.lzmaAllocator
                0x20005dcc        0x8 CMakeFiles/slc.dir/base/e093ee322e82b9de90f2fb71086605a3/p/simpl1a11563c2e399/p/bootloader/platform/bootloader/parser/compression/btl_decompress_lzma.c.obj
                0x20005dd4                        . = ALIGN (0x4)
                0x20005dd4                        . = ALIGN (0x4)
                0x20005dd4                        PROVIDE (__preinit_array_start = .)
 *(.preinit_array)
                0x20005dd4                        PROVIDE (__preinit_array_end = .)
                0x20005dd4                        . = ALIGN (0x4)
                0x20005dd4                        PROVIDE (__init_array_start = .)
 *(SORT_BY_NAME(.init_array.*))
 *(.init_array)
 .init_array    0x20005dd4        0x4 C:/arm-gnu-toolchain-14.2.rel1-mingw-w64-i686-arm-none-eabi/bin/../lib/gcc/arm-none-eabi/14.2.1/thumb/v8-m.main+fp/hard/crtbegin.o
                0x20005dd8                        PROVIDE (__init_array_end = .)
                0x20005dd8                        . = ALIGN (0x4)
                [!provide]                        PROVIDE (__fini_array_start = .)
 *(SORT_BY_NAME(.fini_array.*))
 *(.fini_array)
 .fini_array    0x20005dd8        0x4 C:/arm-gnu-toolchain-14.2.rel1-mingw-w64-i686-arm-none-eabi/bin/../lib/gcc/arm-none-eabi/14.2.1/thumb/v8-m.main+fp/hard/crtbegin.o
                [!provide]                        PROVIDE (__fini_array_end = .)
                0x20005ddc                        . = ALIGN (0x4)
                0x20005ddc                        __data_end__ = .
                0x20080000                        heap_limit = (ORIGIN (RAM) + LENGTH (RAM))
                0x0007a220                        heap_size = (heap_limit - __HeapBase)

.tm_clone_table
                0x20005ddc        0x0 load address 0x08004694
 .tm_clone_table
                0x20005ddc        0x0 C:/arm-gnu-toolchain-14.2.rel1-mingw-w64-i686-arm-none-eabi/bin/../lib/gcc/arm-none-eabi/14.2.1/thumb/v8-m.main+fp/hard/crtbegin.o
 .tm_clone_table
                0x20005ddc        0x0 C:/arm-gnu-toolchain-14.2.rel1-mingw-w64-i686-arm-none-eabi/bin/../lib/gcc/arm-none-eabi/14.2.1/thumb/v8-m.main+fp/hard/crtend.o

.igot.plt       0x20005ddc        0x0 load address 0x08004694
 .igot.plt      0x20005ddc        0x0 C:/arm-gnu-toolchain-14.2.rel1-mingw-w64-i686-arm-none-eabi/bin/../lib/gcc/arm-none-eabi/14.2.1/thumb/v8-m.main+fp/hard/crtbegin.o

.memory_manager_heap
                0x20005ddc    0x7a224 load address 0x08004694
                0x20005de0                        . = ALIGN (0x8)
 *fill*         0x20005ddc        0x4 
                0x20005de0                        __HeapBase = .
                0x20080000                        . = (. + heap_size)
 *fill*         0x20005de0    0x7a220 
                0x20080000                        __end__ = .
                0x20080000                        _end = __end__
 *(.memory_manager_heap*)
                0x20080000                        __HeapLimit = (ORIGIN (RAM) + LENGTH (RAM))
                0x20080000                        __ram_end__ = 0x20080000
                0x0831e000                        __main_flash_end__ = 0x831e000

.internal_storage
 *(.internal_storage*)

.nvm
 *(.simee*)
                0x20005dcc                        __ramfuncs_start__ = __vma_ramfuncs_start__
                0x20005dcc                        __ramfuncs_end__ = __vma_ramfuncs_end__
                0x0831e000                        linker_nvm_end = __main_flash_end__
                0x0831e000                        linker_nvm_begin = (linker_nvm_end - SIZEOF (.nvm))
                0x0831e000                        linker_storage_end = __main_flash_end__
                0x0831e000                        linker_storage_begin = (linker_storage_end - SIZEOF (.internal_storage))
                0x08004694                        __rom_end__ = (__etext + SIZEOF (.data))
                0x00000020                        _app_rollback_protection_size = 0x20
                0x00000001                        ASSERT (((((ORIGIN (FLASH) + LENGTH (FLASH)) - 0x40) - _app_rollback_protection_size) >= (__etext + SIZEOF (.data))), FLASH memory overflowed !)
OUTPUT(base\Matter-Bootloader.out elf32-littlearm)
LOAD linker stubs

.ARM.attributes
                0x00000000       0x36
 .ARM.attributes
                0x00000000       0x26 C:/arm-gnu-toolchain-14.2.rel1-mingw-w64-i686-arm-none-eabi/bin/../lib/gcc/arm-none-eabi/14.2.1/thumb/v8-m.main+fp/hard/crti.o
 .ARM.attributes
                0x00000026       0x38 C:/arm-gnu-toolchain-14.2.rel1-mingw-w64-i686-arm-none-eabi/bin/../lib/gcc/arm-none-eabi/14.2.1/thumb/v8-m.main+fp/hard/crtbegin.o
 .ARM.attributes
                0x0000005e       0x3a CMakeFiles/slc.dir/base/C_/Users/alji/.silabs/slt/installs/conan/p/simpl1a11563c2e399/p/bootloader/platform/bootloader/core/btl_bootload.c.obj
 .ARM.attributes
                0x00000098       0x3a CMakeFiles/slc.dir/base/C_/Users/alji/.silabs/slt/installs/conan/p/simpl1a11563c2e399/p/bootloader/platform/bootloader/core/btl_core.c.obj
 .ARM.attributes
                0x000000d2       0x3a CMakeFiles/slc.dir/base/C_/Users/alji/.silabs/slt/installs/conan/p/simpl1a11563c2e399/p/bootloader/platform/bootloader/core/btl_main.c.obj
 .ARM.attributes
                0x0000010c       0x3a CMakeFiles/slc.dir/base/C_/Users/alji/.silabs/slt/installs/conan/p/simpl1a11563c2e399/p/bootloader/platform/bootloader/core/btl_parse.c.obj
 .ARM.attributes
                0x00000146       0x3a CMakeFiles/slc.dir/base/C_/Users/alji/.silabs/slt/installs/conan/p/simpl1a11563c2e399/p/bootloader/platform/bootloader/core/btl_reset.c.obj
 .ARM.attributes
                0x00000180       0x3a CMakeFiles/slc.dir/base/C_/Users/alji/.silabs/slt/installs/conan/p/simpl1a11563c2e399/p/bootloader/platform/bootloader/core/flash/btl_internal_flash.c.obj
 .ARM.attributes
                0x000001ba       0x3a CMakeFiles/slc.dir/base/C_/Users/alji/.silabs/slt/installs/conan/p/simpl1a11563c2e399/p/bootloader/platform/bootloader/driver/btl_driver_delay.c.obj
 .ARM.attributes
                0x000001f4       0x3a CMakeFiles/slc.dir/base/e093ee322e82b9de90f2fb71086605a3/p/simpl1a11563c2e399/p/bootloader/platform/bootloader/driver/btl_driver_spi_controller_usart.c.obj
 .ARM.attributes
                0x0000022e       0x3a CMakeFiles/slc.dir/base/C_/Users/alji/.silabs/slt/installs/conan/p/simpl1a11563c2e399/p/bootloader/platform/bootloader/driver/btl_driver_util.c.obj
 .ARM.attributes
                0x00000268       0x3a CMakeFiles/slc.dir/base/e093ee322e82b9de90f2fb71086605a3/p/simpl1a11563c2e399/p/bootloader/platform/bootloader/parser/compression/btl_decompress_lz4.c.obj
 .ARM.attributes
                0x000002a2       0x3a CMakeFiles/slc.dir/base/e093ee322e82b9de90f2fb71086605a3/p/simpl1a11563c2e399/p/bootloader/platform/bootloader/parser/compression/btl_decompress_lzma.c.obj
 .ARM.attributes
                0x000002dc       0x3a CMakeFiles/slc.dir/base/C_/Users/alji/.silabs/slt/installs/conan/p/simpl1a11563c2e399/p/bootloader/platform/bootloader/parser/compression/lzma/LzmaDec.c.obj
 .ARM.attributes
                0x00000316       0x3a CMakeFiles/slc.dir/base/C_/Users/alji/.silabs/slt/installs/conan/p/simpl1a11563c2e399/p/bootloader/platform/bootloader/parser/gbl/btl_gbl_custom_tags.c.obj
 .ARM.attributes
                0x00000350       0x3a CMakeFiles/slc.dir/base/C_/Users/alji/.silabs/slt/installs/conan/p/simpl1a11563c2e399/p/bootloader/platform/bootloader/parser/gbl/btl_gbl_format.c.obj
 .ARM.attributes
                0x0000038a       0x3a CMakeFiles/slc.dir/base/C_/Users/alji/.silabs/slt/installs/conan/p/simpl1a11563c2e399/p/bootloader/platform/bootloader/parser/gbl/btl_gbl_parser.c.obj
 .ARM.attributes
                0x000003c4       0x3a CMakeFiles/slc.dir/base/C_/Users/alji/.silabs/slt/installs/conan/p/simpl1a11563c2e399/p/bootloader/platform/bootloader/security/btl_crc32.c.obj
 .ARM.attributes
                0x000003fe       0x3a CMakeFiles/slc.dir/base/C_/Users/alji/.silabs/slt/installs/conan/p/simpl1a11563c2e399/p/bootloader/platform/bootloader/security/btl_security_aes.c.obj
 .ARM.attributes
                0x00000438       0x3a CMakeFiles/slc.dir/base/C_/Users/alji/.silabs/slt/installs/conan/p/simpl1a11563c2e399/p/bootloader/platform/bootloader/security/btl_security_ecdsa.c.obj
 .ARM.attributes
                0x00000472       0x3a CMakeFiles/slc.dir/base/C_/Users/alji/.silabs/slt/installs/conan/p/simpl1a11563c2e399/p/bootloader/platform/bootloader/security/btl_security_sha256.c.obj
 .ARM.attributes
                0x000004ac       0x3a CMakeFiles/slc.dir/base/C_/Users/alji/.silabs/slt/installs/conan/p/simpl1a11563c2e399/p/bootloader/platform/bootloader/security/btl_security_tokens.c.obj
 .ARM.attributes
                0x000004e6       0x3a CMakeFiles/slc.dir/base/C_/Users/alji/.silabs/slt/installs/conan/p/simpl1a11563c2e399/p/bootloader/platform/bootloader/security/sha/btl_sha256.c.obj
 .ARM.attributes
                0x00000520       0x3a CMakeFiles/slc.dir/base/C_/Users/alji/.silabs/slt/installs/conan/p/simpl1a11563c2e399/p/bootloader/platform/bootloader/security/sha/se_sha.c.obj
 .ARM.attributes
                0x0000055a       0x3a CMakeFiles/slc.dir/base/b23c506a6d26f93f6e1143118e1579d1/p/bootloader/platform/bootloader/storage/bootloadinfo/btl_storage_bootloadinfo_single.c.obj
 .ARM.attributes
                0x00000594       0x3a CMakeFiles/slc.dir/base/C_/Users/alji/.silabs/slt/installs/conan/p/simpl1a11563c2e399/p/bootloader/platform/bootloader/storage/btl_callbacks_stub.c.obj
 .ARM.attributes
                0x000005ce       0x3a CMakeFiles/slc.dir/base/C_/Users/alji/.silabs/slt/installs/conan/p/simpl1a11563c2e399/p/bootloader/platform/bootloader/storage/btl_storage.c.obj
 .ARM.attributes
                0x00000608       0x3a CMakeFiles/slc.dir/base/C_/Users/alji/.silabs/slt/installs/conan/p/simpl1a11563c2e399/p/bootloader/platform/bootloader/storage/btl_storage_library.c.obj
 .ARM.attributes
                0x00000642       0x3a CMakeFiles/slc.dir/base/e093ee322e82b9de90f2fb71086605a3/p/simpl1a11563c2e399/p/bootloader/platform/bootloader/storage/spiflash/btl_storage_spiflash.c.obj
 .ARM.attributes
                0x0000067c       0x3a CMakeFiles/slc.dir/base/e093ee322e82b9de90f2fb71086605a3/p/simpl1a11563c2e399/p/devices/platform/Device/SiliconLabs/EFR32MG26/Source/startup_efr32mg26.c.obj
 .ARM.attributes
                0x000006b6       0x3a CMakeFiles/slc.dir/base/e093ee322e82b9de90f2fb71086605a3/p/simpl1a11563c2e399/p/devices/platform/Device/SiliconLabs/EFR32MG26/Source/system_efr32mg26.c.obj
 .ARM.attributes
                0x000006f0       0x3a CMakeFiles/slc.dir/base/C_/Users/alji/.silabs/slt/installs/conan/p/simpl1a11563c2e399/p/platform_core/platform/common/src/sl_core_cortexm.c.obj
 .ARM.attributes
                0x0000072a       0x3a CMakeFiles/slc.dir/base/C_/Users/alji/.silabs/slt/installs/conan/p/simpl1a11563c2e399/p/platform_core/platform/emlib/src/em_cmu.c.obj
 .ARM.attributes
                0x00000764       0x3a CMakeFiles/slc.dir/base/C_/Users/alji/.silabs/slt/installs/conan/p/simpl1a11563c2e399/p/platform_core/platform/emlib/src/em_gpio.c.obj
 .ARM.attributes
                0x0000079e       0x3a CMakeFiles/slc.dir/base/C_/Users/alji/.silabs/slt/installs/conan/p/simpl1a11563c2e399/p/platform_core/platform/emlib/src/em_msc.c.obj